Archive member included because of file (symbol)

C:/Program Files (x86)/Rowley Associates Limited/CrossWorks for ARM 3.6/lib/libarm_v4t_a_le_eabi.a(libarm.o)
                              Executable_1 ARM Flash Debug/main.o (libarm_set_irq)
C:/Program Files (x86)/Rowley Associates Limited/CrossWorks for ARM 3.6/lib/libc_v4t_a_le_eabi.a(libc_asm.o)
                              Executable_1 ARM Flash Debug/ctl_at91sam7.o (__aeabi_uidiv)
C:/Program Files (x86)/Rowley Associates Limited/CrossWorks for ARM 3.6/lib/libc_v4t_a_le_eabi.a(libc2.o)
                              Executable_1 ARM Flash Debug/main.o (sscanf)
C:/Program Files (x86)/Rowley Associates Limited/CrossWorks for ARM 3.6/lib/libc_v4t_a_le_eabi.a(libc2_asm.o)
                              C:/Program Files (x86)/Rowley Associates Limited/CrossWorks for ARM 3.6/lib/libc_v4t_a_le_eabi.a(libc2.o) (memcpy)
C:/Program Files (x86)/Rowley Associates Limited/CrossWorks for ARM 3.6/lib/libm_v4t_a_le_eabi.a(libm_asm.o)
                              C:/Program Files (x86)/Rowley Associates Limited/CrossWorks for ARM 3.6/lib/libc_v4t_a_le_eabi.a(libc2.o) (__aeabi_i2f)
C:/Program Files (x86)/Rowley Associates Limited/CrossWorks for ARM 3.6/lib/libm_v4t_a_le_eabi.a(libm2.o)
                              C:/Program Files (x86)/Rowley Associates Limited/CrossWorks for ARM 3.6/lib/libvfprintf_v4t_a_le_eabi.o (frexp)
C:/Program Files (x86)/Rowley Associates Limited/CrossWorks for ARM 3.6/lib/libm_v4t_a_le_eabi.a(libm2_asm.o)
                              C:/Program Files (x86)/Rowley Associates Limited/CrossWorks for ARM 3.6/lib/libm_v4t_a_le_eabi.a(libm2.o) (fabs)

Discarded input sections

 .text          0x00000000        0x0 Executable_1 ARM Flash Debug/crt0.o
 .data          0x00000000        0x0 Executable_1 ARM Flash Debug/crt0.o
 .bss           0x00000000        0x0 Executable_1 ARM Flash Debug/crt0.o
 .text.__heap_lock
                0x00000000        0x4 Executable_1 ARM Flash Debug/crt0.o
 .text.__heap_unlock
                0x00000000        0x4 Executable_1 ARM Flash Debug/crt0.o
 .text.__printf_lock
                0x00000000        0x4 Executable_1 ARM Flash Debug/crt0.o
 .text.__printf_unlock
                0x00000000        0x4 Executable_1 ARM Flash Debug/crt0.o
 .text.__scanf_lock
                0x00000000        0x4 Executable_1 ARM Flash Debug/crt0.o
 .text.__scanf_unlock
                0x00000000        0x4 Executable_1 ARM Flash Debug/crt0.o
 .text.__debug_io_lock
                0x00000000        0x4 Executable_1 ARM Flash Debug/crt0.o
 .text.__debug_io_unlock
                0x00000000        0x4 Executable_1 ARM Flash Debug/crt0.o
 .text.abort    0x00000000        0x4 Executable_1 ARM Flash Debug/crt0.o
 .text.__assert
                0x00000000        0x4 Executable_1 ARM Flash Debug/crt0.o
 .text.__cxa_pure_virtual
                0x00000000        0x4 Executable_1 ARM Flash Debug/crt0.o
 .text.__cxa_guard_acquire
                0x00000000       0x1c Executable_1 ARM Flash Debug/crt0.o
 .text.__cxa_guard_release
                0x00000000        0xc Executable_1 ARM Flash Debug/crt0.o
 .text.__cxa_guard_abort
                0x00000000        0x4 Executable_1 ARM Flash Debug/crt0.o
 .text.__getchar
                0x00000000        0x8 Executable_1 ARM Flash Debug/crt0.o
 .text.__putchar
                0x00000000        0x8 Executable_1 ARM Flash Debug/crt0.o
 .bss.__user_locale_name_buffer
                0x00000000        0x4 Executable_1 ARM Flash Debug/crt0.o
 .stack         0x00000000        0x0 Executable_1 ARM Flash Debug/crt0.o
 .stack_abt     0x00000000        0x0 Executable_1 ARM Flash Debug/crt0.o
 .stack_irq     0x00000000        0x0 Executable_1 ARM Flash Debug/crt0.o
 .stack_fiq     0x00000000        0x0 Executable_1 ARM Flash Debug/crt0.o
 .stack_svc     0x00000000        0x0 Executable_1 ARM Flash Debug/crt0.o
 .stack_und     0x00000000        0x0 Executable_1 ARM Flash Debug/crt0.o
 .heap          0x00000000        0x0 Executable_1 ARM Flash Debug/crt0.o
 .text          0x00000000        0x0 Executable_1 ARM Flash Debug/AT91SAM7_Startup.o
 .data          0x00000000        0x0 Executable_1 ARM Flash Debug/AT91SAM7_Startup.o
 .bss           0x00000000        0x0 Executable_1 ARM Flash Debug/AT91SAM7_Startup.o
 .group         0x00000000        0x8 Executable_1 ARM Flash Debug/AIC.o
 .group         0x00000000        0x8 Executable_1 ARM Flash Debug/AIC.o
 .group         0x00000000        0x8 Executable_1 ARM Flash Debug/AIC.o
 .group         0x00000000        0x8 Executable_1 ARM Flash Debug/AIC.o
 .text          0x00000000        0x0 Executable_1 ARM Flash Debug/AIC.o
 .data          0x00000000        0x0 Executable_1 ARM Flash Debug/AIC.o
 .bss           0x00000000        0x0 Executable_1 ARM Flash Debug/AIC.o
 .text.forcedFIQHandler
                0x00000000       0xac Executable_1 ARM Flash Debug/AIC.o
 .text.ctl_set_isr
[...]
Memory Configuration

Name             Origin             Length             Attributes
UNPLACED_SECTIONS 0xffffffff         0x00000000         xw
User_Peripherals 0xf0000000         0x0fff0000         xw
System_Controller 0xfffff000         0x00001000         xw
SRAM             0x00200000         0x00010000         xw
FLASH            0x00100000         0x00040000         xr
*default*        0x00000000         0xffffffff

Linker script and memory map

                0x00000000                __vfprintf = __vfprintf_float_long_long
                0x00102fc0                __vfscanf = __vfscanf_float_long_long_cc
                0xf0000000                __User_Peripherals_segment_start__ = 0xf0000000
                0xffff0000                __User_Peripherals_segment_end__ = 0xffff0000
                0x0fff0000                __User_Peripherals_segment_size__ = 0xfff0000
                0xfffff000                __System_Controller_segment_start__ = 0xfffff000
                0x00000000                __System_Controller_segment_end__ = 0x0
                0x00001000                __System_Controller_segment_size__ = 0x1000
                0x00200000                __SRAM_segment_start__ = 0x200000
                0x00210000                __SRAM_segment_end__ = 0x210000
                0x00010000                __SRAM_segment_size__ = 0x10000
                0x00100000                __FLASH_segment_start__ = 0x100000
                0x00140000                __FLASH_segment_end__ = 0x140000
                0x00040000                __FLASH_segment_size__ = 0x40000
                0x00000400                __HEAPSIZE__ = 0x400
                0x00000000                __STACKSIZE_ABT__ = 0x0
                0x00000100                __STACKSIZE_FIQ__ = 0x100
                0x00000100                __STACKSIZE_IRQ__ = 0x100
                0x00000000                __STACKSIZE_SVC__ = 0x0
                0x00000000                __STACKSIZE_UND__ = 0x0
                0x00000400                __STACKSIZE__ = 0x400
                0x00200000                __vectors_ram_load_start__ = __SRAM_segment_start__

.vectors_ram    0x00200000       0x3c
                0x00200000                __vectors_ram_start__ = .
 *(.vectors_ram .vectors_ram.*)
                0x0020003c                . = MAX ((__vectors_ram_start__ + 0x3c), .)
 *fill*         0x00200000       0x3c 
                0x0020003c                __vectors_ram_end__ = (__vectors_ram_start__ + SIZEOF (.vectors_ram))
                0x0000003c                __vectors_ram_size__ = SIZEOF (.vectors_ram)
                0x0020003c                __vectors_ram_load_end__ = __vectors_ram_end__
                0x00000001                . = ASSERT (((__vectors_ram_start__ == __vectors_ram_end__) || ((__vectors_ram_end__ >= __SRAM_segment_start__) && (__vectors_ram_end__ <= __SRAM_segment_end__))), error: .vectors_ram is too large to fit in SRAM memory segment)
                0x00100000                __vectors_load_start__ = __FLASH_segment_start__

.vectors        0x00100000       0x3c
                0x00100000                __vectors_start__ = .
 *(.vectors .vectors.*)
 .vectors       0x00100000       0x3c Executable_1 ARM Flash Debug/AT91SAM7_Startup.o
                0x00100000                _vectors
                0x0010003c                __vectors_end__ = (__vectors_start__ + SIZEOF (.vectors))
                0x0000003c                __vectors_size__ = SIZEOF (.vectors)
                0x0010003c                __vectors_load_end__ = __vectors_end__
                0x00000001                . = ASSERT (((__vectors_start__ == __vectors_end__) || ((__vectors_end__ >= __FLASH_segment_start__) && (__vectors_end__ <= __FLASH_segment_end__))), error: .vectors is too large to fit in FLASH memory segment)
                0x0010003c                __init_load_start__ = ALIGN (__vectors_end__, 0x4)

.init           0x0010003c      0x348
                0x0010003c                __init_start__ = .
 *(.init .init.*)
 *fill*         0x0010003c        0x4 
 .init          0x00100040      0x234 Executable_1 ARM Flash Debug/crt0.o
                0x00100040                _start
                0x00100040                __start
                0x00100190                exit
 .init          0x00100274      0x110 Executable_1 ARM Flash Debug/AT91SAM7_Startup.o
                0x00100274                reset_handler
                0x00100348                undef_handler
                0x0010034c                swi_handler
                0x00100350                pabort_handler
                0x00100354                dabort_handler
                0x00100384                __init_end__ = (__init_start__ + SIZEOF (.init))
                0x00000348                __init_size__ = SIZEOF (.init)
                0x00100384                __init_load_end__ = __init_end__
                0x00000001                . = ASSERT (((__init_start__ == __init_end__) || ((__init_end__ >= __FLASH_segment_start__) && (__init_end__ <= __FLASH_segment_end__))), error: .init is too large to fit in FLASH memory segment)
                0x00100384                __init_rodata_load_start__ = ALIGN (__init_end__, 0x4)

.init_rodata    0x00100384        0x0
                0x00100384                __init_rodata_start__ = .
 *(.init_rodata .init_rodata.*)
                0x00100384                __init_rodata_end__ = (__init_rodata_start__ + SIZEOF (.init_rodata))
                0x00000000                __init_rodata_size__ = SIZEOF (.init_rodata)
                0x00100384                __init_rodata_load_end__ = __init_rodata_end__
                0x00000001                . = ASSERT (((__init_rodata_start__ == __init_rodata_end__) || ((__init_rodata_end__ >= __FLASH_segment_start__) && (__init_rodata_end__ <= __FLASH_segment_end__))), error: .init_rodata is too large to fit in FLASH memory segment)
                0x00100384                __text_load_start__ = ALIGN (__init_rodata_end__, 0x4)

.text           0x00100384     0x3b94
                0x00100384                __text_start__ = .
 *(.text .text.* .glue_7t .glue_7 .gnu.linkonce.t.* .gcc_except_table .ARM.extab* .gnu.linkonce.armextab.*)
 .glue_7        0x00000000        0x0 linker stubs
 .glue_7t       0x00000000        0x0 linker stubs
 .text.__aeabi_read_tp
                0x00100384        0xc Executable_1 ARM Flash Debug/crt0.o
                0x00100384                __aeabi_read_tp
 .text          0x00100390       0x60 Executable_1 ARM Flash Debug/AIC_irq_handler.o
                0x00100390                irq_handler
                0x001003d0                fiq_handler
 .text.AT91F_AIC_ConfigureIt
                0x001003f0       0x98 Executable_1 ARM Flash Debug/main.o
                0x001003f0                AT91F_AIC_ConfigureIt
 .text.AT91F_AIC_EnableIt
                0x00100488       0x38 Executable_1 ARM Flash Debug/main.o
                0x00100488                AT91F_AIC_EnableIt
 .text.AT91F_AIC_DisableIt
                0x001004c0       0x48 Executable_1 ARM Flash Debug/main.o
 .text.AT91F_PDC_SetNextRx
                0x00100508       0x3c Executable_1 ARM Flash Debug/main.o
 .text.AT91F_PDC_SetNextTx
                0x00100544       0x3c Executable_1 ARM Flash Debug/main.o
 .text.AT91F_PDC_SetRx
                0x00100580       0x3c Executable_1 ARM Flash Debug/main.o
 .text.AT91F_PDC_SetTx
                0x001005bc       0x3c Executable_1 ARM Flash Debug/main.o
 .text.AT91F_PDC_EnableTx
                0x001005f8       0x28 Executable_1 ARM Flash Debug/main.o
 .text.AT91F_PDC_EnableRx
                0x00100620       0x28 Executable_1 ARM Flash Debug/main.o
 .text.AT91F_PDC_DisableTx
                0x00100648       0x28 Executable_1 ARM Flash Debug/main.o
 .text.AT91F_PDC_DisableRx
                0x00100670       0x28 Executable_1 ARM Flash Debug/main.o
 .text.AT91F_PDC_IsTxEmpty
                0x00100698       0x38 Executable_1 ARM Flash Debug/main.o
 .text.AT91F_PDC_IsNextTxEmpty
                0x001006d0       0x38 Executable_1 ARM Flash Debug/main.o
 .text.AT91F_PDC_Open
                0x00100708       0x7c Executable_1 ARM Flash Debug/main.o
 .text.AT91F_PDC_SendFrame
                0x00100784       0x98 Executable_1 ARM Flash Debug/main.o
 .text.AT91F_PIO_CfgPeriph
                0x0010081c       0x50 Executable_1 ARM Flash Debug/main.o
 .text.AT91F_PIO_CfgOutput
                0x0010086c       0x38 Executable_1 ARM Flash Debug/main.o
 .text.AT91F_PIO_CfgInput
                0x001008a4       0x38 Executable_1 ARM Flash Debug/main.o
 .text.AT91F_PIO_SetOutput
                0x001008dc       0x2c Executable_1 ARM Flash Debug/main.o
 .text.AT91F_PIO_ClearOutput
                0x00100908       0x2c Executable_1 ARM Flash Debug/main.o
 .text.AT91F_PMC_EnablePeriphClock
                0x00100934       0x2c Executable_1 ARM Flash Debug/main.o
 .text.AT91F_PITInit
                0x00100960       0x68 Executable_1 ARM Flash Debug/main.o
 .text.AT91F_PITSetPIV
                0x001009c8       0x3c Executable_1 ARM Flash Debug/main.o
 .text.AT91F_PITEnableInt
                0x00100a04       0x30 Executable_1 ARM Flash Debug/main.o
 .text.AT91F_PITGetPIVR
                0x00100a34       0x28 Executable_1 ARM Flash Debug/main.o
 .text.AT91F_US_Baudrate
                0x00100a5c       0xbc Executable_1 ARM Flash Debug/main.o
 .text.AT91F_US_SetBaudrate
                0x00100b18       0x3c Executable_1 ARM Flash Debug/main.o
 .text.AT91F_US_SetTimeguard
                0x00100b54       0x2c Executable_1 ARM Flash Debug/main.o
 .text.AT91F_US_Configure
                0x00100b80       0x78 Executable_1 ARM Flash Debug/main.o
 .text.AT91F_US_EnableRx
                0x00100bf8       0x28 Executable_1 ARM Flash Debug/main.o
 .text.AT91F_US_EnableTx
                0x00100c20       0x28 Executable_1 ARM Flash Debug/main.o
 .text.AT91F_PWMC_InterruptDisable
                0x00100c48       0x2c Executable_1 ARM Flash Debug/main.o
 .text.AT91F_PWMC_CfgChannel
                0x00100c74       0x70 Executable_1 ARM Flash Debug/main.o
 .text.AT91F_PWMC_StartChannel
                0x00100ce4       0x2c Executable_1 ARM Flash Debug/main.o
 .text.AT91F_PWMC_CfgPMC
                0x00100d10       0x24 Executable_1 ARM Flash Debug/main.o
 .text.AT91F_PITC_CfgPMC
                0x00100d34       0x24 Executable_1 ARM Flash Debug/main.o
 .text.PIT_ISR  0x00100d58       0x38 Executable_1 ARM Flash Debug/main.o
                0x00100d58                PIT_ISR
 .text.usart0_c_irq_handler
                0x00100d90       0xc0 Executable_1 ARM Flash Debug/main.o
                0x00100d90                usart0_c_irq_handler
 .text.main     0x00100e50      0x8c0 Executable_1 ARM Flash Debug/main.o
                0x00100e50                main
 .text.waitFor  0x00101710      0x1dc Executable_1 ARM Flash Debug/main.o
                0x00101710                waitFor
 .text.msleep   0x001018ec       0x68 Executable_1 ARM Flash Debug/main.o
                0x001018ec                msleep
 .text.setLedValue
                0x00101954       0xcc Executable_1 ARM Flash Debug/main.o
                0x00101954                setLedValue
 .text.clearBuffer
                0x00101a20       0x30 Executable_1 ARM Flash Debug/main.o
                0x00101a20                clearBuffer
 .text.AT91F_TC_Open
                0x00101a50       0x80 Executable_1 ARM Flash Debug/main.o
                0x00101a50                AT91F_TC_Open
 .text.timer1_c_irq_handler
                0x00101ad0       0x38 Executable_1 ARM Flash Debug/main.o
                0x00101ad0                timer1_c_irq_handler
 .text.timer0_c_irq_handler
                0x00101b08       0xcc Executable_1 ARM Flash Debug/main.o
                0x00101b08                timer0_c_irq_handler
 .text.step0    0x00101bd4       0x48 Executable_1 ARM Flash Debug/main.o
                0x00101bd4                step0
 .text.step1    0x00101c1c       0x48 Executable_1 ARM Flash Debug/main.o
                0x00101c1c                step1
 .text.step2    0x00101c64       0x48 Executable_1 ARM Flash Debug/main.o
                0x00101c64                step2
 .text.step3    0x00101cac       0x48 Executable_1 ARM Flash Debug/main.o
                0x00101cac                step3
 *fill*         0x00101cf4        0xc 
 .text.libarm.libarm_set_irq
                0x00101d00       0x24 C:/Program Files (x86)/Rowley Associates Limited/CrossWorks for ARM 3.6/lib/libarm_v4t_a_le_eabi.a(libarm.o)
                0x00101d00                libarm_set_irq
 *fill*         0x00101d24        0xc 
 .text.libc.__int32_div
                0x00101d30      0x464 C:/Program Files (x86)/Rowley Associates Limited/CrossWorks for ARM 3.6/lib/libc_v4t_a_le_eabi.a(libc_asm.o)
                0x00101d30                __int32_div
                0x00101d30                __aeabi_idiv
                0x00101d30                __divsi3
                0x00102030                __aeabi_uidiv
                0x00102030                __uint32_div
                0x00102030                __udivsi3
 .text.libc.__RAL_ascii_isctype
                0x00102194       0x28 C:/Program Files (x86)/Rowley Associates Limited/CrossWorks for ARM 3.6/lib/libc_v4t_a_le_eabi.a(libc2.o)
 .text.libc.__RAL_ascii_toupper
                0x001021bc       0x10 C:/Program Files (x86)/Rowley Associates Limited/CrossWorks for ARM 3.6/lib/libc_v4t_a_le_eabi.a(libc2.o)
 .text.libc.__RAL_ascii_tolower
                0x001021cc       0x10 C:/Program Files (x86)/Rowley Associates Limited/CrossWorks for ARM 3.6/lib/libc_v4t_a_le_eabi.a(libc2.o)
 .text.libc.__RAL_ascii_iswctype
                0x001021dc       0x28 C:/Program Files (x86)/Rowley Associates Limited/CrossWorks for ARM 3.6/lib/libc_v4t_a_le_eabi.a(libc2.o)
 .text.libc.__RAL_ascii_towupper
                0x00102204       0x10 C:/Program Files (x86)/Rowley Associates Limited/CrossWorks for ARM 3.6/lib/libc_v4t_a_le_eabi.a(libc2.o)
 .text.libc.__RAL_ascii_towlower
                0x00102214       0x10 C:/Program Files (x86)/Rowley Associates Limited/CrossWorks for ARM 3.6/lib/libc_v4t_a_le_eabi.a(libc2.o)
 .text.libc.__RAL_ascii_wctomb
                0x00102224       0x14 C:/Program Files (x86)/Rowley Associates Limited/CrossWorks for ARM 3.6/lib/libc_v4t_a_le_eabi.a(libc2.o)
                0x00102224                __RAL_ascii_wctomb
 .text.libc.__RAL_ascii_mbtowc
                0x00102238       0x44 C:/Program Files (x86)/Rowley Associates Limited/CrossWorks for ARM 3.6/lib/libc_v4t_a_le_eabi.a(libc2.o)
                0x00102238                __RAL_ascii_mbtowc
 .text.libc.__getc
                0x0010227c       0x48 C:/Program Files (x86)/Rowley Associates Limited/CrossWorks for ARM 3.6/lib/libc_v4t_a_le_eabi.a(libc2.o)
                0x0010227c                __getc
 .text.libc.__RAL_pow10
                0x001022c4       0xb4 C:/Program Files (x86)/Rowley Associates Limited/CrossWorks for ARM 3.6/lib/libc_v4t_a_le_eabi.a(libc2.o)
                0x001022c4                __RAL_pow10
 .text.libc.__RAL_isctype
                0x00102378       0x28 C:/Program Files (x86)/Rowley Associates Limited/CrossWorks for ARM 3.6/lib/libc_v4t_a_le_eabi.a(libc2.o)
                0x00102378                __RAL_isctype
 .text.libc.isupper
                0x001023a0       0x14 C:/Program Files (x86)/Rowley Associates Limited/CrossWorks for ARM 3.6/lib/libc_v4t_a_le_eabi.a(libc2.o)
                0x001023a0                isupper
 .text.libc.islower
                0x001023b4       0x14 C:/Program Files (x86)/Rowley Associates Limited/CrossWorks for ARM 3.6/lib/libc_v4t_a_le_eabi.a(libc2.o)
                0x001023b4                islower
 .text.libc.isdigit
                0x001023c8       0x14 C:/Program Files (x86)/Rowley Associates Limited/CrossWorks for ARM 3.6/lib/libc_v4t_a_le_eabi.a(libc2.o)
                0x001023c8                isdigit
 .text.libc.__digit
                0x001023dc       0x54 C:/Program Files (x86)/Rowley Associates Limited/CrossWorks for ARM 3.6/lib/libc_v4t_a_le_eabi.a(libc2.o)
                0x001023dc                __digit
 .text.libc.isspace
                0x00102430       0x14 C:/Program Files (x86)/Rowley Associates Limited/CrossWorks for ARM 3.6/lib/libc_v4t_a_le_eabi.a(libc2.o)
                0x00102430                isspace
 .text.libc.__aeabi_errno_addr
                0x00102444       0x1c C:/Program Files (x86)/Rowley Associates Limited/CrossWorks for ARM 3.6/lib/libc_v4t_a_le_eabi.a(libc2.o)
                0x00102444                __aeabi_errno_addr
 .text.libc.sscanf
                0x00102460       0x3c C:/Program Files (x86)/Rowley Associates Limited/CrossWorks for ARM 3.6/lib/libc_v4t_a_le_eabi.a(libc2.o)
                0x00102460                sscanf
 .text.libc.strnchr
                0x0010249c       0x8c C:/Program Files (x86)/Rowley Associates Limited/CrossWorks for ARM 3.6/lib/libc_v4t_a_le_eabi.a(libc2.o)
                0x0010249c                strnchr
 .text.libc.strncmp
                0x00102528       0x94 C:/Program Files (x86)/Rowley Associates Limited/CrossWorks for ARM 3.6/lib/libc_v4t_a_le_eabi.a(libc2.o)
                0x00102528                strncmp
 .text.libc.strnstr
                0x001025bc       0x9c C:/Program Files (x86)/Rowley Associates Limited/CrossWorks for ARM 3.6/lib/libc_v4t_a_le_eabi.a(libc2.o)
                0x001025bc                strnstr
 *fill*         0x00102658        0x8 
 .text.libc.memset
                0x00102660       0x94 C:/Program Files (x86)/Rowley Associates Limited/CrossWorks for ARM 3.6/lib/libc_v4t_a_le_eabi.a(libc2_asm.o)
                0x00102660                memset
 *fill*         0x001026f4        0xc 
 .text.libc.strlen
                0x00102700       0x88 C:/Program Files (x86)/Rowley Associates Limited/CrossWorks for ARM 3.6/lib/libc_v4t_a_le_eabi.a(libc2_asm.o)
                0x00102700                strlen
 .text.libc.__ungetc
                0x00102788       0x40 C:/Program Files (x86)/Rowley Associates Limited/CrossWorks for ARM 3.6/lib/libvfscanf_v4t_a_le_eabi.o
 .text.libc.rd_string
                0x001027c8       0xfc C:/Program Files (x86)/Rowley Associates Limited/CrossWorks for ARM 3.6/lib/libvfscanf_v4t_a_le_eabi.o
 .text.libc.rd_string_map
                0x001028c4       0xf0 C:/Program Files (x86)/Rowley Associates Limited/CrossWorks for ARM 3.6/lib/libvfscanf_v4t_a_le_eabi.o
 .text.libc.rd_int_long_long
                0x001029b4      0x254 C:/Program Files (x86)/Rowley Associates Limited/CrossWorks for ARM 3.6/lib/libvfscanf_v4t_a_le_eabi.o
 .text.libc.rd_real
                0x00102c08      0x3b8 C:/Program Files (x86)/Rowley Associates Limited/CrossWorks for ARM 3.6/lib/libvfscanf_v4t_a_le_eabi.o
 .text.libc.__vfscanf_float_long_long_cc
                0x00102fc0      0x5fc C:/Program Files (x86)/Rowley Associates Limited/CrossWorks for ARM 3.6/lib/libvfscanf_v4t_a_le_eabi.o
                0x00102fc0                __vfscanf_float_long_long_cc
 *fill*         0x001035bc        0x4 
 .text.libc.__int32_to_float64
                0x001035c0       0x6c C:/Program Files (x86)/Rowley Associates Limited/CrossWorks for ARM 3.6/lib/libm_v4t_a_le_eabi.a(libm_asm.o)
                0x001035c0                __aeabi_i2d
                0x001035c0                __int32_to_float64
                0x001035c0                __floatsidf
 *fill*         0x0010362c        0x4 
 .text.libc.__float64_to_float32
                0x00103630       0x7c C:/Program Files (x86)/Rowley Associates Limited/CrossWorks for ARM 3.6/lib/libm_v4t_a_le_eabi.a(libm_asm.o)
                0x00103630                __truncdfsf2
                0x00103630                __float64_to_float32
                0x00103630                __aeabi_d2f
 *fill*         0x001036ac        0x4 
 .text.libc.__float64_add
                0x001036b0      0x344 C:/Program Files (x86)/Rowley Associates Limited/CrossWorks for ARM 3.6/lib/libm_v4t_a_le_eabi.a(libm_asm.o)
                0x001036b0                __aeabi_drsub
                0x001036b8                __aeabi_dsub
                0x001036b8                __float64_sub
                0x001036b8                __subdf3
                0x001036bc                __aeabi_dadd
                0x001036bc                __float64_add
                0x001036bc                __adddf3
 *fill*         0x001039f4        0xc 
 .text.libc.__float64_mul
                0x00103a00      0x1ac C:/Program Files (x86)/Rowley Associates Limited/CrossWorks for ARM 3.6/lib/libm_v4t_a_le_eabi.a(libm_asm.o)
                0x00103a00                __float64_mul
                0x00103a00                __muldf3
                0x00103a00                __aeabi_dmul
 *fill*         0x00103bac        0x4 
 .text.libc.__float64_div
                0x00103bb0      0x324 C:/Program Files (x86)/Rowley Associates Limited/CrossWorks for ARM 3.6/lib/libm_v4t_a_le_eabi.a(libm_asm.o)
                0x00103bb0                __divdf3
                0x00103bb0                __float64_div
                0x00103bb0                __aeabi_ddiv
 *fill*         0x00103ed4        0xc 
 .text.libc.__float32_isinf
                0x00103ee0       0x14 C:/Program Files (x86)/Rowley Associates Limited/CrossWorks for ARM 3.6/lib/libm_v4t_a_le_eabi.a(libm_asm.o)
                0x00103ee0                __float32_isinf
 *fill*         0x00103ef4        0xc 
 .text.libc.__float64_isinf
                0x00103f00       0x18 C:/Program Files (x86)/Rowley Associates Limited/CrossWorks for ARM 3.6/lib/libm_v4t_a_le_eabi.a(libm_asm.o)
                0x00103f00                __float64_isinf
                0x00103f18                __text_end__ = (__text_start__ + SIZEOF (.text))
                0x00003b94                __text_size__ = SIZEOF (.text)
                0x00103f18                __text_load_end__ = __text_end__

.vfp11_veneer   0x00000000        0x0
 .vfp11_veneer  0x00000000        0x0 linker stubs

.v4_bx          0x00000000        0x0
 .v4_bx         0x00000000        0x0 linker stubs

.iplt           0x00000000        0x0
 .iplt          0x00000000        0x0 Executable_1 ARM Flash Debug/crt0.o
                0x00000001                . = ASSERT (((__text_start__ == __text_end__) || ((__text_end__ >= __FLASH_segment_start__) && (__text_end__ <= __FLASH_segment_end__))), error: .text is too large to fit in FLASH memory segment)
                0x00103f18                __dtors_load_start__ = ALIGN (__text_end__, 0x4)

.dtors          0x00103f18        0x0
                0x00103f18                __dtors_start__ = .
 *(SORT(.dtors.*))
 *(.dtors)
 *(.fini_array)
 *(SORT(.fini_array.*))
                0x00103f18                __dtors_end__ = (__dtors_start__ + SIZEOF (.dtors))
                0x00000000                __dtors_size__ = SIZEOF (.dtors)
                0x00103f18                __dtors_load_end__ = __dtors_end__
                0x00000001                . = ASSERT (((__dtors_start__ == __dtors_end__) || ((__dtors_end__ >= __FLASH_segment_start__) && (__dtors_end__ <= __FLASH_segment_end__))), error: .dtors is too large to fit in FLASH memory segment)
                0x00103f18                __ctors_load_start__ = ALIGN (__dtors_end__, 0x4)

.ctors          0x00103f18        0x0
                0x00103f18                __ctors_start__ = .
 *(SORT(.ctors.*))
 *(.ctors)
 *(.init_array)
 *(SORT(.init_array.*))
                0x00103f18                __ctors_end__ = (__ctors_start__ + SIZEOF (.ctors))
                0x00000000                __ctors_size__ = SIZEOF (.ctors)
                0x00103f18                __ctors_load_end__ = __ctors_end__
                0x00000001                . = ASSERT (((__ctors_start__ == __ctors_end__) || ((__ctors_end__ >= __FLASH_segment_start__) && (__ctors_end__ <= __FLASH_segment_end__))), error: .ctors is too large to fit in FLASH memory segment)
                0x00103f18                __rodata_load_start__ = ALIGN (__ctors_end__, 0x4)

.rodata         0x00103f18      0x43c
                0x00103f18                __rodata_start__ = .
 *(.rodata .rodata.* .gnu.linkonce.r.*)
 .rodata        0x00103f18       0x94 Executable_1 ARM Flash Debug/main.o
 .rodata.libc.__aeabi_uidiv
                0x00103fac       0x40 C:/Program Files (x86)/Rowley Associates Limited/CrossWorks for ARM 3.6/lib/libc_v4t_a_le_eabi.a(libc_asm.o)
                0x00103fac                __RAL_uidiv_inverse_lut
 .rodata.libc.__RAL_c_locale_abbrev_month_names
                0x00103fec       0x31 C:/Program Files (x86)/Rowley Associates Limited/CrossWorks for ARM 3.6/lib/libc_v4t_a_le_eabi.a(libc2.o)
                0x00103fec                __RAL_c_locale_abbrev_month_names
 *fill*         0x0010401d        0x3 
 .rodata.libc.__RAL_data_utf8_period
                0x00104020        0x2 C:/Program Files (x86)/Rowley Associates Limited/CrossWorks for ARM 3.6/lib/libc_v4t_a_le_eabi.a(libc2.o)
                0x00104020                __RAL_data_utf8_period
 *fill*         0x00104022        0x6 
 .rodata.libc.power
                0x00104028       0x48 C:/Program Files (x86)/Rowley Associates Limited/CrossWorks for ARM 3.6/lib/libc_v4t_a_le_eabi.a(libc2.o)
 .rodata.libc.str1.4
                0x00104070       0xe4 C:/Program Files (x86)/Rowley Associates Limited/CrossWorks for ARM 3.6/lib/libc_v4t_a_le_eabi.a(libc2.o)
                                 0xf1 (size before relaxing)
 .rodata.libc.__RAL_data_empty_string
                0x00104154        0x1 C:/Program Files (x86)/Rowley Associates Limited/CrossWorks for ARM 3.6/lib/libc_v4t_a_le_eabi.a(libc2.o)
                0x00104154                __RAL_data_empty_string
 *fill*         0x00104155        0x3 
 .rodata.libc.__RAL_c_locale
                0x00104158        0xc C:/Program Files (x86)/Rowley Associates Limited/CrossWorks for ARM 3.6/lib/libc_v4t_a_le_eabi.a(libc2.o)
                0x00104158                __RAL_c_locale
 .rodata.libc.__RAL_ascii_ctype_mask
                0x00104164        0xd C:/Program Files (x86)/Rowley Associates Limited/CrossWorks for ARM 3.6/lib/libc_v4t_a_le_eabi.a(libc2.o)
 *fill*         0x00104171        0x3 
 .rodata.libc.__RAL_c_locale_day_names
                0x00104174       0x3a C:/Program Files (x86)/Rowley Associates Limited/CrossWorks for ARM 3.6/lib/libc_v4t_a_le_eabi.a(libc2.o)
                0x00104174                __RAL_c_locale_day_names
 *fill*         0x001041ae        0x2 
 .rodata.libc.__RAL_c_locale_abbrev_day_names
                0x001041b0       0x1d C:/Program Files (x86)/Rowley Associates Limited/CrossWorks for ARM 3.6/lib/libc_v4t_a_le_eabi.a(libc2.o)
                0x001041b0                __RAL_c_locale_abbrev_day_names
 *fill*         0x001041cd        0x3 
 .rodata.libc.__RAL_c_locale_am_pm_indicator
                0x001041d0        0x7 C:/Program Files (x86)/Rowley Associates Limited/CrossWorks for ARM 3.6/lib/libc_v4t_a_le_eabi.a(libc2.o)
                0x001041d0                __RAL_c_locale_am_pm_indicator
 *fill*         0x001041d7        0x1 
 .rodata.libc.__aeabi_ERANGE
                0x001041d8        0x4 C:/Program Files (x86)/Rowley Associates Limited/CrossWorks for ARM 3.6/lib/libc_v4t_a_le_eabi.a(libc2.o)
                0x001041d8                __aeabi_ERANGE
 .rodata.libc.__RAL_c_locale_data
                0x001041dc       0x58 C:/Program Files (x86)/Rowley Associates Limited/CrossWorks for ARM 3.6/lib/libc_v4t_a_le_eabi.a(libc2.o)
                0x001041dc                __RAL_c_locale_data
 .rodata.libc.__RAL_codeset_ascii
                0x00104234       0x20 C:/Program Files (x86)/Rowley Associates Limited/CrossWorks for ARM 3.6/lib/libc_v4t_a_le_eabi.a(libc2.o)
                0x00104234                __RAL_codeset_ascii
 .rodata.libc.__RAL_c_locale_month_names
                0x00104254       0x57 C:/Program Files (x86)/Rowley Associates Limited/CrossWorks for ARM 3.6/lib/libc_v4t_a_le_eabi.a(libc2.o)
                0x00104254                __RAL_c_locale_month_names
 *fill*         0x001042ab        0x1 
 .rodata.libc.__RAL_c_locale_date_time_format
                0x001042ac        0xf C:/Program Files (x86)/Rowley Associates Limited/CrossWorks for ARM 3.6/lib/libc_v4t_a_le_eabi.a(libc2.o)
                0x001042ac                __RAL_c_locale_date_time_format
 *fill*         0x001042bb        0x1 
 .rodata.libc.__RAL_c_locale_time_format
                0x001042bc        0x9 C:/Program Files (x86)/Rowley Associates Limited/CrossWorks for ARM 3.6/lib/libc_v4t_a_le_eabi.a(libc2.o)
                0x001042bc                __RAL_c_locale_time_format
 *fill*         0x001042c5        0x3 
 .rodata.libc.__RAL_c_locale_date_format
                0x001042c8        0x9 C:/Program Files (x86)/Rowley Associates Limited/CrossWorks for ARM 3.6/lib/libc_v4t_a_le_eabi.a(libc2.o)
                0x001042c8                __RAL_c_locale_date_format
 *fill*         0x001042d1        0x3 
 .rodata.libc.__RAL_ascii_ctype_map
                0x001042d4       0x80 C:/Program Files (x86)/Rowley Associates Limited/CrossWorks for ARM 3.6/lib/libc_v4t_a_le_eabi.a(libc2.o)
                0x001042d4                __RAL_ascii_ctype_map
                0x00104354                __rodata_end__ = (__rodata_start__ + SIZEOF (.rodata))
                0x0000043c                __rodata_size__ = SIZEOF (.rodata)
                0x00104354                __rodata_load_end__ = __rodata_end__

.rel.dyn        0x00100000        0x0
 .rel.iplt      0x00000000        0x0 Executable_1 ARM Flash Debug/crt0.o
                0x00000001                . = ASSERT (((__rodata_start__ == __rodata_end__) || ((__rodata_end__ >= __FLASH_segment_start__) && (__rodata_end__ <= __FLASH_segment_end__))), error: .rodata is too large to fit in FLASH memory segment)
                0x00104354                __ARM.exidx_load_start__ = ALIGN (__rodata_end__, 0x4)

.ARM.exidx      0x00104354        0x0
                0x00104354                __ARM.exidx_start__ = .
                0x00104354                __exidx_start = __ARM.exidx_start__
 *(.ARM.exidx .ARM.exidx.*)
                0x00104354                __ARM.exidx_end__ = (__ARM.exidx_start__ + SIZEOF (.ARM.exidx))
                0x00000000                __ARM.exidx_size__ = SIZEOF (.ARM.exidx)
                0x00104354                __exidx_end = __ARM.exidx_end__
                0x00104354                __ARM.exidx_load_end__ = __ARM.exidx_end__
                0x00000001                . = ASSERT (((__ARM.exidx_start__ == __ARM.exidx_end__) || ((__ARM.exidx_end__ >= __FLASH_segment_start__) && (__ARM.exidx_end__ <= __FLASH_segment_end__))), error: .ARM.exidx is too large to fit in FLASH memory segment)
                0x00104354                __fast_load_start__ = ALIGN (__ARM.exidx_end__, 0x4)

.fast           0x0020003c        0x0 load address 0x00104354
                0x0020003c                __fast_start__ = .
 *(.fast .fast.*)
                0x0020003c                __fast_end__ = (__fast_start__ + SIZEOF (.fast))
                0x00000000                __fast_size__ = SIZEOF (.fast)
                0x00104354                __fast_load_end__ = (__fast_load_start__ + SIZEOF (.fast))
                0x00000001                . = ASSERT (((__fast_load_start__ == __fast_load_end__) || ((__fast_load_end__ >= __FLASH_segment_start__) && (__fast_load_end__ <= __FLASH_segment_end__))), error: .fast is too large to fit in FLASH memory segment)

.fast_run       0x0020003c        0x0
                0x0020003c                __fast_run_start__ = .
                0x0020003c                . = MAX ((__fast_run_start__ + SIZEOF (.fast)), .)
                0x0020003c                __fast_run_end__ = (__fast_run_start__ + SIZEOF (.fast_run))
                0x00000000                __fast_run_size__ = SIZEOF (.fast_run)
                0x0020003c                __fast_run_load_end__ = __fast_run_end__
                0x00000001                . = ASSERT (((__fast_run_start__ == __fast_run_end__) || ((__fast_run_end__ >= __SRAM_segment_start__) && (__fast_run_end__ <= __SRAM_segment_end__))), error: .fast_run is too large to fit in SRAM memory segment)
                0x00104354                __data_load_start__ = ALIGN ((__fast_load_start__ + SIZEOF (.fast)), 0x4)

.data           0x0020003c       0x24 load address 0x00104354
                0x0020003c                __data_start__ = .
 *(.data .data.* .gnu.linkonce.d.*)
 .data.gUartState
                0x0020003c        0x4 Executable_1 ARM Flash Debug/main.o
                0x0020003c                gUartState
 .data.duties   0x00200040        0xc Executable_1 ARM Flash Debug/main.o
                0x00200040                duties
 .data.libc.__RAL_global_locale
                0x0020004c       0x14 C:/Program Files (x86)/Rowley Associates Limited/CrossWorks for ARM 3.6/lib/libc_v4t_a_le_eabi.a(libc2.o)
                0x0020004c                __RAL_global_locale
                0x00200060                __data_end__ = (__data_start__ + SIZEOF (.data))
                0x00000024                __data_size__ = SIZEOF (.data)
                0x00104378                __data_load_end__ = (__data_load_start__ + SIZEOF (.data))

.igot.plt       0x00000000        0x0
 .igot.plt      0x00000000        0x0 Executable_1 ARM Flash Debug/crt0.o
                0x00000001                . = ASSERT (((__data_load_start__ == __data_load_end__) || ((__data_load_end__ >= __FLASH_segment_start__) && (__data_load_end__ <= __FLASH_segment_end__))), error: .data is too large to fit in FLASH memory segment)

.data_run       0x0020003c       0x24 load address 0x00104354
                0x0020003c                __data_run_start__ = .
                0x00200060                . = MAX ((__data_run_start__ + SIZEOF (.data)), .)
 *fill*         0x0020003c       0x24 
                0x00200060                __data_run_end__ = (__data_run_start__ + SIZEOF (.data_run))
                0x00000024                __data_run_size__ = SIZEOF (.data_run)
                0x00200060                __data_run_load_end__ = __data_run_end__
                0x00000001                . = ASSERT (((__data_run_start__ == __data_run_end__) || ((__data_run_end__ >= __SRAM_segment_start__) && (__data_run_end__ <= __SRAM_segment_end__))), error: .data_run is too large to fit in SRAM memory segment)
                0x00200060                __bss_load_start__ = ALIGN (__data_run_end__, 0x4)

.bss            0x00200060     0x2018
                0x00200060                __bss_start__ = .
 *(.bss .bss.* .gnu.linkonce.b.*)
 .bss.step      0x00200060        0x4 Executable_1 ARM Flash Debug/main.o
                0x00200060                step
 .bss.gTickCount
                0x00200064        0x4 Executable_1 ARM Flash Debug/main.o
                0x00200064                gTickCount
 .bss.gReset    0x00200068        0x4 Executable_1 ARM Flash Debug/main.o
                0x00200068                gReset
 .bss.gPause    0x0020006c        0x4 Executable_1 ARM Flash Debug/main.o
                0x0020006c                gPause
 .bss.buffer    0x00200070     0x2004 Executable_1 ARM Flash Debug/main.o
                0x00200070                buffer
 .bss.gPos      0x00202074        0x4 Executable_1 ARM Flash Debug/main.o
                0x00202074                gPos
 *(COMMON)
                0x00202078                __bss_end__ = (__bss_start__ + SIZEOF (.bss))
                0x00002018                __bss_size__ = SIZEOF (.bss)
                0x00202078                __bss_load_end__ = __bss_end__
                0x00000001                . = ASSERT (((__bss_start__ == __bss_end__) || ((__bss_end__ >= __SRAM_segment_start__) && (__bss_end__ <= __SRAM_segment_end__))), error: .bss is too large to fit in SRAM memory segment)
                0x00202078                __non_init_load_start__ = ALIGN (__bss_end__, 0x4)

.non_init       0x00202078        0x0
                0x00202078                __non_init_start__ = .
 *(.non_init .non_init.*)
                0x00202078                __non_init_end__ = (__non_init_start__ + SIZEOF (.non_init))
                0x00000000                __non_init_size__ = SIZEOF (.non_init)
                0x00202078                __non_init_load_end__ = __non_init_end__
                0x00000001                . = ASSERT (((__non_init_start__ == __non_init_end__) || ((__non_init_end__ >= __SRAM_segment_start__) && (__non_init_end__ <= __SRAM_segment_end__))), error: .non_init is too large to fit in SRAM memory segment)
                0x00202078                __heap_load_start__ = ALIGN (__non_init_end__, 0x4)

.heap           0x00202078      0x400
                0x00202078                __heap_start__ = .
 *(.heap .heap.*)
                0x00202478                . = ALIGN (MAX ((__heap_start__ + __HEAPSIZE__), .), 0x4)
 *fill*         0x00202078      0x400 
                0x00202478                __heap_end__ = (__heap_start__ + SIZEOF (.heap))
                0x00000400                __heap_size__ = SIZEOF (.heap)
                0x00202478                __heap_load_end__ = __heap_end__
                0x00000001                . = ASSERT (((__heap_start__ == __heap_end__) || ((__heap_end__ >= __SRAM_segment_start__) && (__heap_end__ <= __SRAM_segment_end__))), error: .heap is too large to fit in SRAM memory segment)
                0x00202478                __stack_load_start__ = ALIGN (__heap_end__, 0x8)

.stack          0x00202478      0x400
                0x00202478                __stack_start__ = .
 *(.stack .stack.*)
                0x00202878                . = ALIGN (MAX ((__stack_start__ + __STACKSIZE__), .), 0x8)
 *fill*         0x00202478      0x400 
                0x00202878                __stack_end__ = (__stack_start__ + SIZEOF (.stack))
                0x00000400                __stack_size__ = SIZEOF (.stack)
                0x00202878                __stack_load_end__ = __stack_end__
                0x00000001                . = ASSERT (((__stack_start__ == __stack_end__) || ((__stack_end__ >= __SRAM_segment_start__) && (__stack_end__ <= __SRAM_segment_end__))), error: .stack is too large to fit in SRAM memory segment)
                0x00202878                __stack_irq_load_start__ = ALIGN (__stack_end__, 0x8)

.stack_irq      0x00202878      0x100
                0x00202878                __stack_irq_start__ = .
 *(.stack_irq .stack_irq.*)
                0x00202978                . = ALIGN (MAX ((__stack_irq_start__ + __STACKSIZE_IRQ__), .), 0x8)
 *fill*         0x00202878      0x100 
                0x00202978                __stack_irq_end__ = (__stack_irq_start__ + SIZEOF (.stack_irq))
                0x00000100                __stack_irq_size__ = SIZEOF (.stack_irq)
                0x00202978                __stack_irq_load_end__ = __stack_irq_end__
                0x00000001                . = ASSERT (((__stack_irq_start__ == __stack_irq_end__) || ((__stack_irq_end__ >= __SRAM_segment_start__) && (__stack_irq_end__ <= __SRAM_segment_end__))), error: .stack_irq is too large to fit in SRAM memory segment)
                0x00202978                __stack_fiq_load_start__ = ALIGN (__stack_irq_end__, 0x8)

.stack_fiq      0x00202978      0x100
                0x00202978                __stack_fiq_start__ = .
 *(.stack_fiq .stack_fiq.*)
                0x00202a78                . = ALIGN (MAX ((__stack_fiq_start__ + __STACKSIZE_FIQ__), .), 0x8)
 *fill*         0x00202978      0x100 
                0x00202a78                __stack_fiq_end__ = (__stack_fiq_start__ + SIZEOF (.stack_fiq))
                0x00000100                __stack_fiq_size__ = SIZEOF (.stack_fiq)
                0x00202a78                __stack_fiq_load_end__ = __stack_fiq_end__
                0x00000001                . = ASSERT (((__stack_fiq_start__ == __stack_fiq_end__) || ((__stack_fiq_end__ >= __SRAM_segment_start__) && (__stack_fiq_end__ <= __SRAM_segment_end__))), error: .stack_fiq is too large to fit in SRAM memory segment)
                0x00202a78                __stack_svc_load_start__ = ALIGN (__stack_fiq_end__, 0x8)

.stack_svc      0x00202a78        0x0
                0x00202a78                __stack_svc_start__ = .
 *(.stack_svc .stack_svc.*)
                0x00202a78                . = ALIGN (MAX ((__stack_svc_start__ + __STACKSIZE_SVC__), .), 0x8)
                0x00202a78                __stack_svc_end__ = (__stack_svc_start__ + SIZEOF (.stack_svc))
                0x00000000                __stack_svc_size__ = SIZEOF (.stack_svc)
                0x00202a78                __stack_svc_load_end__ = __stack_svc_end__
                0x00000001                . = ASSERT (((__stack_svc_start__ == __stack_svc_end__) || ((__stack_svc_end__ >= __SRAM_segment_start__) && (__stack_svc_end__ <= __SRAM_segment_end__))), error: .stack_svc is too large to fit in SRAM memory segment)
                0x00202a78                __stack_abt_load_start__ = ALIGN (__stack_svc_end__, 0x8)

.stack_abt      0x00202a78        0x0
                0x00202a78                __stack_abt_start__ = .
 *(.stack_abt .stack_abt.*)
                0x00202a78                . = ALIGN (MAX ((__stack_abt_start__ + __STACKSIZE_ABT__), .), 0x8)
                0x00202a78                __stack_abt_end__ = (__stack_abt_start__ + SIZEOF (.stack_abt))
                0x00000000                __stack_abt_size__ = SIZEOF (.stack_abt)
                0x00202a78                __stack_abt_load_end__ = __stack_abt_end__
                0x00000001                . = ASSERT (((__stack_abt_start__ == __stack_abt_end__) || ((__stack_abt_end__ >= __SRAM_segment_start__) && (__stack_abt_end__ <= __SRAM_segment_end__))), error: .stack_abt is too large to fit in SRAM memory segment)
                0x00202a78                __stack_und_load_start__ = ALIGN (__stack_abt_end__, 0x8)

.stack_und      0x00202a78        0x0
                0x00202a78                __stack_und_start__ = .
 *(.stack_und .stack_und.*)
                0x00202a78                . = ALIGN (MAX ((__stack_und_start__ + __STACKSIZE_UND__), .), 0x8)
                0x00202a78                __stack_und_end__ = (__stack_und_start__ + SIZEOF (.stack_und))
                0x00000000                __stack_und_size__ = SIZEOF (.stack_und)
                0x00202a78                __stack_und_load_end__ = __stack_und_end__
                0x00000001                . = ASSERT (((__stack_und_start__ == __stack_und_end__) || ((__stack_und_end__ >= __SRAM_segment_start__) && (__stack_und_end__ <= __SRAM_segment_end__))), error: .stack_und is too large to fit in SRAM memory segment)
                0x00202a78                __tbss_load_start__ = ALIGN (__stack_und_end__, 0x4)

.tbss           0x00202a78        0x4
                0x00202a78                __tbss_start__ = .
 *(.tbss .tbss.*)
 .tbss.errno_val
                0x00202a78        0x4 C:/Program Files (x86)/Rowley Associates Limited/CrossWorks for ARM 3.6/lib/libc_v4t_a_le_eabi.a(libc2.o)
                0x00202a7c                __tbss_end__ = (__tbss_start__ + SIZEOF (.tbss))
                0x00000004                __tbss_size__ = SIZEOF (.tbss)
                0x00202a7c                __tbss_load_end__ = __tbss_end__
                0x00000001                . = ASSERT (((__tbss_start__ == __tbss_end__) || ((__tbss_end__ >= __SRAM_segment_start__) && (__tbss_end__ <= __SRAM_segment_end__))), error: .tbss is too large to fit in SRAM memory segment)
                0x00104378                __tdata_load_start__ = ALIGN ((__data_load_start__ + SIZEOF (.data)), 0x4)

.tdata          0x00202a7c        0x0 load address 0x00104378
                0x00202a7c                __tdata_start__ = .
 *(.tdata .tdata.*)
                0x00202a7c                __tdata_end__ = (__tdata_start__ + SIZEOF (.tdata))
                0x00000000                __tdata_size__ = SIZEOF (.tdata)
                0x00104378                __tdata_load_end__ = (__tdata_load_start__ + SIZEOF (.tdata))
                0x00104378                __FLASH_segment_used_end__ = (ALIGN ((__data_load_start__ + SIZEOF (.data)), 0x4) + SIZEOF (.tdata))
                0x00004378                __FLASH_segment_used_size__ = (__FLASH_segment_used_end__ - __FLASH_segment_start__)
                0x00000001                . = ASSERT (((__tdata_load_start__ == __tdata_load_end__) || ((__tdata_load_end__ >= __FLASH_segment_start__) && (__tdata_load_end__ <= __FLASH_segment_end__))), error: .tdata is too large to fit in FLASH memory segment)

.tdata_run      0x00202a7c        0x0
                0x00202a7c                __tdata_run_start__ = .
                0x00202a7c                . = MAX ((__tdata_run_start__ + SIZEOF (.tdata)), .)
                0x00202a7c                __tdata_run_end__ = (__tdata_run_start__ + SIZEOF (.tdata_run))
                0x00000000                __tdata_run_size__ = SIZEOF (.tdata_run)
                0x00202a7c                __tdata_run_load_end__ = __tdata_run_end__
                0x00000001                . = ASSERT (((__tdata_run_start__ == __tdata_run_end__) || ((__tdata_run_end__ >= __SRAM_segment_start__) && (__tdata_run_end__ <= __SRAM_segment_end__))), error: .tdata_run is too large to fit in SRAM memory segment)
                0x00204000                __mmu_load_start__ = ALIGN (__tdata_run_end__, 0x4000)

.mmu            0x00204000        0x0
                0x00204000                __mmu_start__ = .
 *(.mmu .mmu.*)
                0x00204000                __mmu_end__ = (__mmu_start__ + SIZEOF (.mmu))
                0x00000000                __mmu_size__ = SIZEOF (.mmu)
                0x00204000                __mmu_load_end__ = __mmu_end__
                0x00204000                __SRAM_segment_used_end__ = (ALIGN (__tdata_run_end__, 0x4000) + SIZEOF (.mmu))
                0x00004000                __SRAM_segment_used_size__ = (__SRAM_segment_used_end__ - __SRAM_segment_start__)
                0x00000001                . = ASSERT (((__mmu_start__ == __mmu_end__) || ((__mmu_end__ >= __SRAM_segment_start__) && (__mmu_end__ <= __SRAM_segment_end__))), error: .mmu is too large to fit in SRAM memory segment)
START GROUP
LOAD Executable_1 ARM Flash Debug/crt0.o
LOAD Executable_1 ARM Flash Debug/AT91SAM7_Startup.o
LOAD Executable_1 ARM Flash Debug/AIC.o
LOAD Executable_1 ARM Flash Debug/AIC_irq_handler.o
LOAD Executable_1 ARM Flash Debug/ctl_at91sam7.o
LOAD Executable_1 ARM Flash Debug/main.o
LOAD C:/Program Files (x86)/Rowley Associates Limited/CrossWorks for ARM 3.6/lib/libarm_v4t_a_le_eabi.a
LOAD C:/Program Files (x86)/Rowley Associates Limited/CrossWorks for ARM 3.6/lib/libdebugio_dcc_v4t_a_le_eabi.a
LOAD C:/Program Files (x86)/Rowley Associates Limited/CrossWorks for ARM 3.6/lib/libm_v4t_a_le_eabi.a
LOAD C:/Program Files (x86)/Rowley Associates Limited/CrossWorks for ARM 3.6/lib/libc_v4t_a_le_eabi.a
LOAD C:/Program Files (x86)/Rowley Associates Limited/CrossWorks for ARM 3.6/lib/libcpp_v4t_a_le_eabi.a
LOAD C:/Program Files (x86)/Rowley Associates Limited/CrossWorks for ARM 3.6/lib/libdebugio_v4t_a_le_eabi.a
LOAD C:/Program Files (x86)/Rowley Associates Limited/CrossWorks for ARM 3.6/lib/libvfprintf_v4t_a_le_eabi.o
LOAD C:/Program Files (x86)/Rowley Associates Limited/CrossWorks for ARM 3.6/lib/libvfscanf_v4t_a_le_eabi.o
END GROUP
OUTPUT(Executable_1 ARM Flash Debug/Executable_1.elf elf32-littlearm)

.ARM.attributes
                0x00000000       0x2c
 .ARM.attributes
                0x00000000       0x20 Executable_1 ARM Flash Debug/crt0.o
 .ARM.attributes
                0x00000020       0x20 Executable_1 ARM Flash Debug/AT91SAM7_Startup.o
 .ARM.attributes
                0x00000040       0x20 Executable_1 ARM Flash Debug/AIC_irq_handler.o
 .ARM.attributes
                0x00000060       0x30 Executable_1 ARM Flash Debug/main.o
 .ARM.attributes
                0x00000090       0x1a C:/Program Files (x86)/Rowley Associates Limited/CrossWorks for ARM 3.6/lib/libarm_v4t_a_le_eabi.a(libarm.o)
 .ARM.attributes
                0x000000aa       0x1a C:/Program Files (x86)/Rowley Associates Limited/CrossWorks for ARM 3.6/lib/libc_v4t_a_le_eabi.a(libc_asm.o)
 .ARM.attributes
                0x000000c4       0x2a C:/Program Files (x86)/Rowley Associates Limited/CrossWorks for ARM 3.6/lib/libc_v4t_a_le_eabi.a(libc2.o)
 .ARM.attributes
                0x000000ee       0x1a C:/Program Files (x86)/Rowley Associates Limited/CrossWorks for ARM 3.6/lib/libc_v4t_a_le_eabi.a(libc2_asm.o)
 .ARM.attributes
                0x00000108       0x2a C:/Program Files (x86)/Rowley Associates Limited/CrossWorks for ARM 3.6/lib/libvfscanf_v4t_a_le_eabi.o
 .ARM.attributes
                0x00000132       0x1a C:/Program Files (x86)/Rowley Associates Limited/CrossWorks for ARM 3.6/lib/libm_v4t_a_le_eabi.a(libm_asm.o)

.comment        0x00000000       0x4e
 .comment       0x00000000       0x4e Executable_1 ARM Flash Debug/main.o
                                 0x4f (size before relaxing)
 .comment       0x00000000       0x4f C:/Program Files (x86)/Rowley Associates Limited/CrossWorks for ARM 3.6/lib/libc_v4t_a_le_eabi.a(libc2.o)
 .comment       0x00000000       0x4f C:/Program Files (x86)/Rowley Associates Limited/CrossWorks for ARM 3.6/lib/libvfscanf_v4t_a_le_eabi.o

.debug_line     0x00000000     0x1626
 .debug_line    0x00000000      0x247 Executable_1 ARM Flash Debug/crt0.o
 .debug_line    0x00000247      0x110 Executable_1 ARM Flash Debug/AT91SAM7_Startup.o
 .debug_line    0x00000357       0xc8 Executable_1 ARM Flash Debug/AIC_irq_handler.o
 .debug_line    0x0000041f      0x697 Executable_1 ARM Flash Debug/main.o
 .debug_line    0x00000ab6      0xb09 C:/Program Files (x86)/Rowley Associates Limited/CrossWorks for ARM 3.6/lib/libc_v4t_a_le_eabi.a(libc2.o)
 .debug_line    0x000015bf       0x67 C:/Program Files (x86)/Rowley Associates Limited/CrossWorks for ARM 3.6/lib/libvfscanf_v4t_a_le_eabi.o

.debug_info     0x00000000     0x3d9b
 .debug_info    0x00000000       0xa6 Executable_1 ARM Flash Debug/crt0.o
 .debug_info    0x000000a6       0xcf Executable_1 ARM Flash Debug/AT91SAM7_Startup.o
 .debug_info    0x00000175       0xd2 Executable_1 ARM Flash Debug/AIC_irq_handler.o
 .debug_info    0x00000247     0x18bc Executable_1 ARM Flash Debug/main.o
 .debug_info    0x00001b03     0x214d C:/Program Files (x86)/Rowley Associates Limited/CrossWorks for ARM 3.6/lib/libc_v4t_a_le_eabi.a(libc2.o)
 .debug_info    0x00003c50      0x14b C:/Program Files (x86)/Rowley Associates Limited/CrossWorks for ARM 3.6/lib/libvfscanf_v4t_a_le_eabi.o

.debug_abbrev   0x00000000      0x556
 .debug_abbrev  0x00000000       0x12 Executable_1 ARM Flash Debug/crt0.o
 .debug_abbrev  0x00000012       0x12 Executable_1 ARM Flash Debug/AT91SAM7_Startup.o
 .debug_abbrev  0x00000024       0x14 Executable_1 ARM Flash Debug/AIC_irq_handler.o
 .debug_abbrev  0x00000038      0x36f Executable_1 ARM Flash Debug/main.o
 .debug_abbrev  0x000003a7      0x161 C:/Program Files (x86)/Rowley Associates Limited/CrossWorks for ARM 3.6/lib/libc_v4t_a_le_eabi.a(libc2.o)
 .debug_abbrev  0x00000508       0x4e C:/Program Files (x86)/Rowley Associates Limited/CrossWorks for ARM 3.6/lib/libvfscanf_v4t_a_le_eabi.o

.debug_aranges  0x00000000     0x11f8
 .debug_aranges
                0x00000000       0xa8 Executable_1 ARM Flash Debug/crt0.o
 .debug_aranges
                0x000000a8       0x28 Executable_1 ARM Flash Debug/AT91SAM7_Startup.o
 .debug_aranges
                0x000000d0       0x20 Executable_1 ARM Flash Debug/AIC_irq_handler.o
 .debug_aranges
                0x000000f0      0x1c8 Executable_1 ARM Flash Debug/main.o
 .debug_aranges
                0x000002b8      0xea0 C:/Program Files (x86)/Rowley Associates Limited/CrossWorks for ARM 3.6/lib/libc_v4t_a_le_eabi.a(libc2.o)
 .debug_aranges
                0x00001158       0xa0 C:/Program Files (x86)/Rowley Associates Limited/CrossWorks for ARM 3.6/lib/libvfscanf_v4t_a_le_eabi.o

.debug_ranges   0x00000000     0x1198
 .debug_ranges  0x00000000       0xa0 Executable_1 ARM Flash Debug/crt0.o
 .debug_ranges  0x000000a0       0x20 Executable_1 ARM Flash Debug/AT91SAM7_Startup.o
 .debug_ranges  0x000000c0      0x1b8 Executable_1 ARM Flash Debug/main.o
 .debug_ranges  0x00000278      0xe90 C:/Program Files (x86)/Rowley Associates Limited/CrossWorks for ARM 3.6/lib/libc_v4t_a_le_eabi.a(libc2.o)
 .debug_ranges  0x00001108       0x90 C:/Program Files (x86)/Rowley Associates Limited/CrossWorks for ARM 3.6/lib/libvfscanf_v4t_a_le_eabi.o

.debug_frame    0x00000000     0x5c70
 .debug_frame   0x00000000      0xa70 Executable_1 ARM Flash Debug/main.o
 .debug_frame   0x00000a70      0x140 C:/Program Files (x86)/Rowley Associates Limited/CrossWorks for ARM 3.6/lib/libarm_v4t_a_le_eabi.a(libarm.o)
 .debug_frame   0x00000bb0      0x178 C:/Program Files (x86)/Rowley Associates Limited/CrossWorks for ARM 3.6/lib/libc_v4t_a_le_eabi.a(libc_asm.o)
 .debug_frame   0x00000d28     0x45c4 C:/Program Files (x86)/Rowley Associates Limited/CrossWorks for ARM 3.6/lib/libc_v4t_a_le_eabi.a(libc2.o)
 .debug_frame   0x000052ec       0xb0 C:/Program Files (x86)/Rowley Associates Limited/CrossWorks for ARM 3.6/lib/libc_v4t_a_le_eabi.a(libc2_asm.o)
 .debug_frame   0x0000539c      0x494 C:/Program Files (x86)/Rowley Associates Limited/CrossWorks for ARM 3.6/lib/libvfscanf_v4t_a_le_eabi.o
 .debug_frame   0x00005830      0x440 C:/Program Files (x86)/Rowley Associates Limited/CrossWorks for ARM 3.6/lib/libm_v4t_a_le_eabi.a(libm_asm.o)

.debug_macro    0x00000000     0x2075
 .debug_macro   0x00000000      0x16a Executable_1 ARM Flash Debug/main.o
 .debug_macro   0x0000016a     0x1e39 Executable_1 ARM Flash Debug/main.o
 .debug_macro   0x00001fa3       0x4f Executable_1 ARM Flash Debug/main.o
 .debug_macro   0x00001ff2       0x34 Executable_1 ARM Flash Debug/main.o
 .debug_macro   0x00002026       0x4f Executable_1 ARM Flash Debug/main.o

.debug_str      0x00000000     0xf503
 .debug_str     0x00000000     0xd5db Executable_1 ARM Flash Debug/main.o
                               0xd665 (size before relaxing)
 .debug_str     0x0000d5db     0x1dc4 C:/Program Files (x86)/Rowley Associates Limited/CrossWorks for ARM 3.6/lib/libc_v4t_a_le_eabi.a(libc2.o)
                               0x1f27 (size before relaxing)
 .debug_str     0x0000f39f      0x164 C:/Program Files (x86)/Rowley Associates Limited/CrossWorks for ARM 3.6/lib/libvfscanf_v4t_a_le_eabi.o
                                0x2c7 (size before relaxing)
