Archive member included because of file (symbol)

C:/Program Files (x86)/Rowley Associates Limited/CrossWorks for ARM 3.5/lib/libarm_v4t_a_le_eabi.a(libarm.o)
                              Executable_1 ARM Flash Release/main.o (libarm_set_irq)
C:/Program Files (x86)/Rowley Associates Limited/CrossWorks for ARM 3.5/lib/libc_v4t_a_le_eabi.a(libc_asm.o)
                              Executable_1 ARM Flash Release/ctl_at91sam7.o (__aeabi_uidiv)
C:/Program Files (x86)/Rowley Associates Limited/CrossWorks for ARM 3.5/lib/libm_v4t_a_le_eabi.a(libm_asm.o)
                              C:/Program Files (x86)/Rowley Associates Limited/CrossWorks for ARM 3.5/lib/libvfscanf_v4t_a_le_eabi.o (__aeabi_i2d)
C:/Program Files (x86)/Rowley Associates Limited/CrossWorks for ARM 3.5/lib/libm_v4t_a_le_eabi.a(libm2.o)
                              C:/Program Files (x86)/Rowley Associates Limited/CrossWorks for ARM 3.5/lib/libvfprintf_v4t_a_le_eabi.o (frexp)
C:/Program Files (x86)/Rowley Associates Limited/CrossWorks for ARM 3.5/lib/libm_v4t_a_le_eabi.a(libm2_asm.o)
                              C:/Program Files (x86)/Rowley Associates Limited/CrossWorks for ARM 3.5/lib/libm_v4t_a_le_eabi.a(libm2.o) (fabs)
C:/Program Files (x86)/Rowley Associates Limited/CrossWorks for ARM 3.5/lib/libc_v4t_a_le_eabi.a(libc2.o)
                              C:/Program Files (x86)/Rowley Associates Limited/CrossWorks for ARM 3.5/lib/libvfscanf_v4t_a_le_eabi.o (__getc)
C:/Program Files (x86)/Rowley Associates Limited/CrossWorks for ARM 3.5/lib/libc_v4t_a_le_eabi.a(libc2_asm.o)
                              C:/Program Files (x86)/Rowley Associates Limited/CrossWorks for ARM 3.5/lib/libc_v4t_a_le_eabi.a(libc2.o) (memcpy)

Discarded input sections

 .text          0x00000000        0x0 Executable_1 ARM Flash Release/crt0.o
 .data          0x00000000        0x0 Executable_1 ARM Flash Release/crt0.o
 .bss           0x00000000        0x0 Executable_1 ARM Flash Release/crt0.o
 .text.__aeabi_read_tp
                0x00000000        0xc Executable_1 ARM Flash Release/crt0.o
 .text.__heap_lock
                0x00000000        0x4 Executable_1 ARM Flash Release/crt0.o
 .text.__heap_unlock
                0x00000000        0x4 Executable_1 ARM Flash Release/crt0.o
 .text.__printf_lock
                0x00000000        0x4 Executable_1 ARM Flash Release/crt0.o
 .text.__printf_unlock
                0x00000000        0x4 Executable_1 ARM Flash Release/crt0.o
 .text.__scanf_lock
                0x00000000        0x4 Executable_1 ARM Flash Release/crt0.o
 .text.__scanf_unlock
                0x00000000        0x4 Executable_1 ARM Flash Release/crt0.o
 .text.__debug_io_lock
                0x00000000        0x4 Executable_1 ARM Flash Release/crt0.o
 .text.__debug_io_unlock
                0x00000000        0x4 Executable_1 ARM Flash Release/crt0.o
 .text.abort    0x00000000        0x4 Executable_1 ARM Flash Release/crt0.o
 .text.__assert
                0x00000000        0x4 Executable_1 ARM Flash Release/crt0.o
 .text.__cxa_pure_virtual
                0x00000000        0x4 Executable_1 ARM Flash Release/crt0.o
 .text.__cxa_guard_acquire
                0x00000000       0x1c Executable_1 ARM Flash Release/crt0.o
 .text.__cxa_guard_release
                0x00000000        0xc Executable_1 ARM Flash Release/crt0.o
 .text.__cxa_guard_abort
                0x00000000        0x4 Executable_1 ARM Flash Release/crt0.o
 .text.__getchar
                0x00000000        0x8 Executable_1 ARM Flash Release/crt0.o
 .text.__putchar
                0x00000000        0x8 Executable_1 ARM Flash Release/crt0.o
 .bss.__user_locale_name_buffer
                0x00000000        0x4 Executable_1 ARM Flash Release/crt0.o
 .stack         0x00000000        0x0 Executable_1 ARM Flash Release/crt0.o
 .stack_abt     0x00000000        0x0 Executable_1 ARM Flash Release/crt0.o
 .stack_irq     0x00000000        0x0 Executable_1 ARM Flash Release/crt0.o
 .stack_fiq     0x00000000        0x0 Executable_1 ARM Flash Release/crt0.o
 .stack_svc     0x00000000        0x0 Executable_1 ARM Flash Release/crt0.o
 .stack_und     0x00000000        0x0 Executable_1 ARM Flash Release/crt0.o
 .heap          0x00000000        0x0 Executable_1 ARM Flash Release/crt0.o
 .text          0x00000000        0x0 Executable_1 ARM Flash Release/AT91SAM7_Startup.o
 .data          0x00000000        0x0 Executable_1 ARM Flash Release/AT91SAM7_Startup.o
 .bss           0x00000000        0x0 Executable_1 ARM Flash Release/AT91SAM7_Startup.o
 .text          0x00000000        0x0 Executable_1 ARM Flash Release/AIC.o
 .data          0x00000000        0x0 Executable_1 ARM Flash Release/AIC.o
 .bss           0x00000000        0x0 Executable_1 ARM Flash Release/AIC.o
 .text.forcedFIQHandler
                0x00000000       0x5c Executable_1 ARM Flash Release/AIC.o
 .text.ctl_set_isr
                0x00000000       0xec Executable_1 ARM Flash Release/AIC.o
[...]
Memory Configuration

Name             Origin             Length             Attributes
UNPLACED_SECTIONS 0xffffffff         0x00000000         xw
User_Peripherals 0xf0000000         0x0fff0000         xw
System_Controller 0xfffff000         0x00001000         xw
SRAM             0x00200000         0x00010000         xw
FLASH            0x00100000         0x00040000         xr
*default*        0x00000000         0xffffffff

Linker script and memory map

                0x00000000                __vfprintf = __vfprintf_float_long_long
                0x00000000                __vfscanf = __vfscanf_float_long_long_cc
                0xf0000000                __User_Peripherals_segment_start__ = 0xf0000000
                0xffff0000                __User_Peripherals_segment_end__ = 0xffff0000
                0x0fff0000                __User_Peripherals_segment_size__ = 0xfff0000
                0xfffff000                __System_Controller_segment_start__ = 0xfffff000
                0x00000000                __System_Controller_segment_end__ = 0x0
                0x00001000                __System_Controller_segment_size__ = 0x1000
                0x00200000                __SRAM_segment_start__ = 0x200000
                0x00210000                __SRAM_segment_end__ = 0x210000
                0x00010000                __SRAM_segment_size__ = 0x10000
                0x00100000                __FLASH_segment_start__ = 0x100000
                0x00140000                __FLASH_segment_end__ = 0x140000
                0x00040000                __FLASH_segment_size__ = 0x40000
                0x00000400                __HEAPSIZE__ = 0x400
                0x00000000                __STACKSIZE_ABT__ = 0x0
                0x00000100                __STACKSIZE_FIQ__ = 0x100
                0x00000100                __STACKSIZE_IRQ__ = 0x100
                0x00000000                __STACKSIZE_SVC__ = 0x0
                0x00000000                __STACKSIZE_UND__ = 0x0
                0x00000400                __STACKSIZE__ = 0x400
                0x00200000                __vectors_ram_load_start__ = __SRAM_segment_start__

.vectors_ram    0x00200000       0x3c
                0x00200000                __vectors_ram_start__ = .
 *(.vectors_ram .vectors_ram.*)
                0x0020003c                . = MAX ((__vectors_ram_start__ + 0x3c), .)
 *fill*         0x00200000       0x3c 
                0x0020003c                __vectors_ram_end__ = (__vectors_ram_start__ + SIZEOF (.vectors_ram))
                0x0000003c                __vectors_ram_size__ = SIZEOF (.vectors_ram)
                0x0020003c                __vectors_ram_load_end__ = __vectors_ram_end__
                0x00000001                . = ASSERT (((__vectors_ram_start__ == __vectors_ram_end__) || ((__vectors_ram_end__ >= __SRAM_segment_start__) && (__vectors_ram_end__ <= __SRAM_segment_end__))), error: .vectors_ram is too large to fit in SRAM memory segment)
                0x00100000                __vectors_load_start__ = __FLASH_segment_start__

.vectors        0x00100000       0x3c
                0x00100000                __vectors_start__ = .
 *(.vectors .vectors.*)
 .vectors       0x00100000       0x3c Executable_1 ARM Flash Release/AT91SAM7_Startup.o
                0x00100000                _vectors
                0x0010003c                __vectors_end__ = (__vectors_start__ + SIZEOF (.vectors))
                0x0000003c                __vectors_size__ = SIZEOF (.vectors)
                0x0010003c                __vectors_load_end__ = __vectors_end__
                0x00000001                . = ASSERT (((__vectors_start__ == __vectors_end__) || ((__vectors_end__ >= __FLASH_segment_start__) && (__vectors_end__ <= __FLASH_segment_end__))), error: .vectors is too large to fit in FLASH memory segment)
                0x0010003c                __init_load_start__ = ALIGN (__vectors_end__, 0x4)

.init           0x0010003c      0x354
                0x0010003c                __init_start__ = .
 *(.init .init.*)
 *fill*         0x0010003c        0x4 
 .init          0x00100040      0x240 Executable_1 ARM Flash Release/crt0.o
                0x00100040                _start
                0x00100040                __start
                0x00100190                exit
 .init          0x00100280      0x110 Executable_1 ARM Flash Release/AT91SAM7_Startup.o
                0x00100280                reset_handler
                0x00100354                undef_handler
                0x00100358                swi_handler
                0x0010035c                pabort_handler
                0x00100360                dabort_handler
                0x00100390                __init_end__ = (__init_start__ + SIZEOF (.init))
                0x00000354                __init_size__ = SIZEOF (.init)
                0x00100390                __init_load_end__ = __init_end__
                0x00000001                . = ASSERT (((__init_start__ == __init_end__) || ((__init_end__ >= __FLASH_segment_start__) && (__init_end__ <= __FLASH_segment_end__))), error: .init is too large to fit in FLASH memory segment)
                0x00100390                __init_rodata_load_start__ = ALIGN (__init_end__, 0x4)

.init_rodata    0x00100390        0x0
                0x00100390                __init_rodata_start__ = .
 *(.init_rodata .init_rodata.*)
                0x00100390                __init_rodata_end__ = (__init_rodata_start__ + SIZEOF (.init_rodata))
                0x00000000                __init_rodata_size__ = SIZEOF (.init_rodata)
                0x00100390                __init_rodata_load_end__ = __init_rodata_end__
                0x00000001                . = ASSERT (((__init_rodata_start__ == __init_rodata_end__) || ((__init_rodata_end__ >= __FLASH_segment_start__) && (__init_rodata_end__ <= __FLASH_segment_end__))), error: .init_rodata is too large to fit in FLASH memory segment)
                0x00100390                __text_load_start__ = ALIGN (__init_rodata_end__, 0x4)

.text           0x00100390      0x620
                0x00100390                __text_start__ = .
 *(.text .text.* .glue_7t .glue_7 .gnu.linkonce.t.* .gcc_except_table .ARM.extab* .gnu.linkonce.armextab.*)
 .glue_7        0x00000000        0x0 linker stubs
 .glue_7t       0x00000000        0x0 linker stubs
 .text          0x00100390       0x60 Executable_1 ARM Flash Release/AIC_irq_handler.o
                0x00100390                irq_handler
                0x001003d0                fiq_handler
 .text.timer1_c_irq_handler
                0x001003f0       0xac Executable_1 ARM Flash Release/main.o
                0x001003f0                timer1_c_irq_handler
 .text.AT91F_TC_Open
                0x0010049c       0x40 Executable_1 ARM Flash Release/main.o
                0x0010049c                AT91F_TC_Open
 .text.main     0x001004dc      0x348 Executable_1 ARM Flash Release/main.o
                0x001004dc                main
 .text.step0    0x00100824       0x28 Executable_1 ARM Flash Release/main.o
                0x00100824                step0
 .text.step1    0x0010084c       0x28 Executable_1 ARM Flash Release/main.o
                0x0010084c                step1
 .text.step2    0x00100874       0x28 Executable_1 ARM Flash Release/main.o
                0x00100874                step2
 .text.step3    0x0010089c       0x28 Executable_1 ARM Flash Release/main.o
                0x0010089c                step3
 .text.timer0_c_irq_handler
                0x001008c4       0xb8 Executable_1 ARM Flash Release/main.o
                0x001008c4                timer0_c_irq_handler
 *fill*         0x0010097c        0x4 
 .text.libarm.libarm_set_irq
                0x00100980       0x30 C:/Program Files (x86)/Rowley Associates Limited/CrossWorks for ARM 3.5/lib/libarm_v4t_a_le_eabi.a(libarm.o)
                0x00100980                libarm_set_irq
                0x001009b0                __text_end__ = (__text_start__ + SIZEOF (.text))
                0x00000620                __text_size__ = SIZEOF (.text)
                0x001009b0                __text_load_end__ = __text_end__

.vfp11_veneer   0x00000000        0x0
 .vfp11_veneer  0x00000000        0x0 linker stubs

.v4_bx          0x00000000        0x0
 .v4_bx         0x00000000        0x0 linker stubs

.iplt           0x00000000        0x0
 .iplt          0x00000000        0x0 Executable_1 ARM Flash Release/crt0.o

.rel.dyn        0x00100000        0x0
 .rel.iplt      0x00000000        0x0 Executable_1 ARM Flash Release/crt0.o
                0x00000001                . = ASSERT (((__text_start__ == __text_end__) || ((__text_end__ >= __FLASH_segment_start__) && (__text_end__ <= __FLASH_segment_end__))), error: .text is too large to fit in FLASH memory segment)
                0x001009b0                __dtors_load_start__ = ALIGN (__text_end__, 0x4)

.dtors          0x001009b0        0x0
                0x001009b0                __dtors_start__ = .
 *(SORT(.dtors.*))
 *(.dtors)
 *(.fini_array)
 *(SORT(.fini_array.*))
                0x001009b0                __dtors_end__ = (__dtors_start__ + SIZEOF (.dtors))
                0x00000000                __dtors_size__ = SIZEOF (.dtors)
                0x001009b0                __dtors_load_end__ = __dtors_end__
                0x00000001                . = ASSERT (((__dtors_start__ == __dtors_end__) || ((__dtors_end__ >= __FLASH_segment_start__) && (__dtors_end__ <= __FLASH_segment_end__))), error: .dtors is too large to fit in FLASH memory segment)
                0x001009b0                __ctors_load_start__ = ALIGN (__dtors_end__, 0x4)

.ctors          0x001009b0        0x0
                0x001009b0                __ctors_start__ = .
 *(SORT(.ctors.*))
 *(.ctors)
 *(.init_array)
 *(SORT(.init_array.*))
                0x001009b0                __ctors_end__ = (__ctors_start__ + SIZEOF (.ctors))
                0x00000000                __ctors_size__ = SIZEOF (.ctors)
                0x001009b0                __ctors_load_end__ = __ctors_end__
                0x00000001                . = ASSERT (((__ctors_start__ == __ctors_end__) || ((__ctors_end__ >= __FLASH_segment_start__) && (__ctors_end__ <= __FLASH_segment_end__))), error: .ctors is too large to fit in FLASH memory segment)
                0x001009b0                __rodata_load_start__ = ALIGN (__ctors_end__, 0x4)

.rodata         0x001009b0        0x0
                0x001009b0                __rodata_start__ = .
 *(.rodata .rodata.* .gnu.linkonce.r.*)
                0x001009b0                __rodata_end__ = (__rodata_start__ + SIZEOF (.rodata))
                0x00000000                __rodata_size__ = SIZEOF (.rodata)
                0x001009b0                __rodata_load_end__ = __rodata_end__
                0x00000001                . = ASSERT (((__rodata_start__ == __rodata_end__) || ((__rodata_end__ >= __FLASH_segment_start__) && (__rodata_end__ <= __FLASH_segment_end__))), error: .rodata is too large to fit in FLASH memory segment)
                0x001009b0                __ARM.exidx_load_start__ = ALIGN (__rodata_end__, 0x4)

.ARM.exidx      0x001009b0        0x0
                0x001009b0                __ARM.exidx_start__ = .
                0x001009b0                __exidx_start = __ARM.exidx_start__
 *(.ARM.exidx .ARM.exidx.*)
                0x001009b0                __ARM.exidx_end__ = (__ARM.exidx_start__ + SIZEOF (.ARM.exidx))
                0x00000000                __ARM.exidx_size__ = SIZEOF (.ARM.exidx)
                0x001009b0                __exidx_end = __ARM.exidx_end__
                0x001009b0                __ARM.exidx_load_end__ = __ARM.exidx_end__
                0x00000001                . = ASSERT (((__ARM.exidx_start__ == __ARM.exidx_end__) || ((__ARM.exidx_end__ >= __FLASH_segment_start__) && (__ARM.exidx_end__ <= __FLASH_segment_end__))), error: .ARM.exidx is too large to fit in FLASH memory segment)
                0x001009b0                __fast_load_start__ = ALIGN (__ARM.exidx_end__, 0x4)

.fast           0x0020003c        0x0 load address 0x001009b0
                0x0020003c                __fast_start__ = .
 *(.fast .fast.*)
                0x0020003c                __fast_end__ = (__fast_start__ + SIZEOF (.fast))
                0x00000000                __fast_size__ = SIZEOF (.fast)
                0x001009b0                __fast_load_end__ = (__fast_load_start__ + SIZEOF (.fast))
                0x00000001                . = ASSERT (((__fast_load_start__ == __fast_load_end__) || ((__fast_load_end__ >= __FLASH_segment_start__) && (__fast_load_end__ <= __FLASH_segment_end__))), error: .fast is too large to fit in FLASH memory segment)

.fast_run       0x0020003c        0x0
                0x0020003c                __fast_run_start__ = .
                0x0020003c                . = MAX ((__fast_run_start__ + SIZEOF (.fast)), .)
                0x0020003c                __fast_run_end__ = (__fast_run_start__ + SIZEOF (.fast_run))
                0x00000000                __fast_run_size__ = SIZEOF (.fast_run)
                0x0020003c                __fast_run_load_end__ = __fast_run_end__
                0x00000001                . = ASSERT (((__fast_run_start__ == __fast_run_end__) || ((__fast_run_end__ >= __SRAM_segment_start__) && (__fast_run_end__ <= __SRAM_segment_end__))), error: .fast_run is too large to fit in SRAM memory segment)
                0x001009b0                __data_load_start__ = ALIGN ((__fast_load_start__ + SIZEOF (.fast)), 0x4)

.data           0x0020003c       0x11 load address 0x001009b0
                0x0020003c                __data_start__ = .
 *(.data .data.* .gnu.linkonce.d.*)
 .data.duty     0x0020003c       0x10 Executable_1 ARM Flash Release/main.o
                0x0020003c                duty
 .data.gSelectedMotorState
                0x0020004c        0x1 Executable_1 ARM Flash Release/main.o
                0x0020004c                gSelectedMotorState
                0x0020004d                __data_end__ = (__data_start__ + SIZEOF (.data))
                0x00000011                __data_size__ = SIZEOF (.data)
                0x001009c1                __data_load_end__ = (__data_load_start__ + SIZEOF (.data))

.igot.plt       0x00000000        0x0
 .igot.plt      0x00000000        0x0 Executable_1 ARM Flash Release/crt0.o
                0x00000001                . = ASSERT (((__data_load_start__ == __data_load_end__) || ((__data_load_end__ >= __FLASH_segment_start__) && (__data_load_end__ <= __FLASH_segment_end__))), error: .data is too large to fit in FLASH memory segment)

.data_run       0x0020003c       0x11 load address 0x001009b0
                0x0020003c                __data_run_start__ = .
                0x0020004d                . = MAX ((__data_run_start__ + SIZEOF (.data)), .)
 *fill*         0x0020003c       0x11 
                0x0020004d                __data_run_end__ = (__data_run_start__ + SIZEOF (.data_run))
                0x00000011                __data_run_size__ = SIZEOF (.data_run)
                0x0020004d                __data_run_load_end__ = __data_run_end__
                0x00000001                . = ASSERT (((__data_run_start__ == __data_run_end__) || ((__data_run_end__ >= __SRAM_segment_start__) && (__data_run_end__ <= __SRAM_segment_end__))), error: .data_run is too large to fit in SRAM memory segment)
                0x00200050                __bss_load_start__ = ALIGN (__data_run_end__, 0x4)

.bss            0x00200050       0x14
                0x00200050                __bss_start__ = .
 *(.bss .bss.* .gnu.linkonce.b.*)
 .bss.gBtnUpPressed
                0x00200050        0x4 Executable_1 ARM Flash Release/main.o
                0x00200050                gBtnUpPressed
 .bss.step      0x00200054        0x4 Executable_1 ARM Flash Release/main.o
                0x00200054                step
 .bss.gBtnDownPressed
                0x00200058        0x4 Executable_1 ARM Flash Release/main.o
                0x00200058                gBtnDownPressed
 .bss.gBtnMainPressed
                0x0020005c        0x4 Executable_1 ARM Flash Release/main.o
                0x0020005c                gBtnMainPressed
 .bss.cnt       0x00200060        0x4 Executable_1 ARM Flash Release/main.o
                0x00200060                cnt
 *(COMMON)
                0x00200064                __bss_end__ = (__bss_start__ + SIZEOF (.bss))
                0x00000014                __bss_size__ = SIZEOF (.bss)
                0x00200064                __bss_load_end__ = __bss_end__
                0x00000001                . = ASSERT (((__bss_start__ == __bss_end__) || ((__bss_end__ >= __SRAM_segment_start__) && (__bss_end__ <= __SRAM_segment_end__))), error: .bss is too large to fit in SRAM memory segment)
                0x00200064                __non_init_load_start__ = ALIGN (__bss_end__, 0x4)

.non_init       0x00200064        0x0
                0x00200064                __non_init_start__ = .
 *(.non_init .non_init.*)
                0x00200064                __non_init_end__ = (__non_init_start__ + SIZEOF (.non_init))
                0x00000000                __non_init_size__ = SIZEOF (.non_init)
                0x00200064                __non_init_load_end__ = __non_init_end__
                0x00000001                . = ASSERT (((__non_init_start__ == __non_init_end__) || ((__non_init_end__ >= __SRAM_segment_start__) && (__non_init_end__ <= __SRAM_segment_end__))), error: .non_init is too large to fit in SRAM memory segment)
                0x00200064                __heap_load_start__ = ALIGN (__non_init_end__, 0x4)

.heap           0x00200064      0x400
                0x00200064                __heap_start__ = .
 *(.heap .heap.*)
                0x00200464                . = ALIGN (MAX ((__heap_start__ + __HEAPSIZE__), .), 0x4)
 *fill*         0x00200064      0x400 
                0x00200464                __heap_end__ = (__heap_start__ + SIZEOF (.heap))
                0x00000400                __heap_size__ = SIZEOF (.heap)
                0x00200464                __heap_load_end__ = __heap_end__
                0x00000001                . = ASSERT (((__heap_start__ == __heap_end__) || ((__heap_end__ >= __SRAM_segment_start__) && (__heap_end__ <= __SRAM_segment_end__))), error: .heap is too large to fit in SRAM memory segment)
                0x00200468                __stack_load_start__ = ALIGN (__heap_end__, 0x8)

.stack          0x00200468      0x400
                0x00200468                __stack_start__ = .
 *(.stack .stack.*)
                0x00200868                . = ALIGN (MAX ((__stack_start__ + __STACKSIZE__), .), 0x8)
 *fill*         0x00200468      0x400 
                0x00200868                __stack_end__ = (__stack_start__ + SIZEOF (.stack))
                0x00000400                __stack_size__ = SIZEOF (.stack)
                0x00200868                __stack_load_end__ = __stack_end__
                0x00000001                . = ASSERT (((__stack_start__ == __stack_end__) || ((__stack_end__ >= __SRAM_segment_start__) && (__stack_end__ <= __SRAM_segment_end__))), error: .stack is too large to fit in SRAM memory segment)
                0x00200868                __stack_irq_load_start__ = ALIGN (__stack_end__, 0x8)

.stack_irq      0x00200868      0x100
                0x00200868                __stack_irq_start__ = .
 *(.stack_irq .stack_irq.*)
                0x00200968                . = ALIGN (MAX ((__stack_irq_start__ + __STACKSIZE_IRQ__), .), 0x8)
 *fill*         0x00200868      0x100 
                0x00200968                __stack_irq_end__ = (__stack_irq_start__ + SIZEOF (.stack_irq))
                0x00000100                __stack_irq_size__ = SIZEOF (.stack_irq)
                0x00200968                __stack_irq_load_end__ = __stack_irq_end__
                0x00000001                . = ASSERT (((__stack_irq_start__ == __stack_irq_end__) || ((__stack_irq_end__ >= __SRAM_segment_start__) && (__stack_irq_end__ <= __SRAM_segment_end__))), error: .stack_irq is too large to fit in SRAM memory segment)
                0x00200968                __stack_fiq_load_start__ = ALIGN (__stack_irq_end__, 0x8)

.stack_fiq      0x00200968      0x100
                0x00200968                __stack_fiq_start__ = .
 *(.stack_fiq .stack_fiq.*)
                0x00200a68                . = ALIGN (MAX ((__stack_fiq_start__ + __STACKSIZE_FIQ__), .), 0x8)
 *fill*         0x00200968      0x100 
                0x00200a68                __stack_fiq_end__ = (__stack_fiq_start__ + SIZEOF (.stack_fiq))
                0x00000100                __stack_fiq_size__ = SIZEOF (.stack_fiq)
                0x00200a68                __stack_fiq_load_end__ = __stack_fiq_end__
                0x00000001                . = ASSERT (((__stack_fiq_start__ == __stack_fiq_end__) || ((__stack_fiq_end__ >= __SRAM_segment_start__) && (__stack_fiq_end__ <= __SRAM_segment_end__))), error: .stack_fiq is too large to fit in SRAM memory segment)
                0x00200a68                __stack_svc_load_start__ = ALIGN (__stack_fiq_end__, 0x8)

.stack_svc      0x00200a68        0x0
                0x00200a68                __stack_svc_start__ = .
 *(.stack_svc .stack_svc.*)
                0x00200a68                . = ALIGN (MAX ((__stack_svc_start__ + __STACKSIZE_SVC__), .), 0x8)
                0x00200a68                __stack_svc_end__ = (__stack_svc_start__ + SIZEOF (.stack_svc))
                0x00000000                __stack_svc_size__ = SIZEOF (.stack_svc)
                0x00200a68                __stack_svc_load_end__ = __stack_svc_end__
                0x00000001                . = ASSERT (((__stack_svc_start__ == __stack_svc_end__) || ((__stack_svc_end__ >= __SRAM_segment_start__) && (__stack_svc_end__ <= __SRAM_segment_end__))), error: .stack_svc is too large to fit in SRAM memory segment)
                0x00200a68                __stack_abt_load_start__ = ALIGN (__stack_svc_end__, 0x8)

.stack_abt      0x00200a68        0x0
                0x00200a68                __stack_abt_start__ = .
 *(.stack_abt .stack_abt.*)
                0x00200a68                . = ALIGN (MAX ((__stack_abt_start__ + __STACKSIZE_ABT__), .), 0x8)
                0x00200a68                __stack_abt_end__ = (__stack_abt_start__ + SIZEOF (.stack_abt))
                0x00000000                __stack_abt_size__ = SIZEOF (.stack_abt)
                0x00200a68                __stack_abt_load_end__ = __stack_abt_end__
                0x00000001                . = ASSERT (((__stack_abt_start__ == __stack_abt_end__) || ((__stack_abt_end__ >= __SRAM_segment_start__) && (__stack_abt_end__ <= __SRAM_segment_end__))), error: .stack_abt is too large to fit in SRAM memory segment)
                0x00200a68                __stack_und_load_start__ = ALIGN (__stack_abt_end__, 0x8)

.stack_und      0x00200a68        0x0
                0x00200a68                __stack_und_start__ = .
 *(.stack_und .stack_und.*)
                0x00200a68                . = ALIGN (MAX ((__stack_und_start__ + __STACKSIZE_UND__), .), 0x8)
                0x00200a68                __stack_und_end__ = (__stack_und_start__ + SIZEOF (.stack_und))
                0x00000000                __stack_und_size__ = SIZEOF (.stack_und)
                0x00200a68                __stack_und_load_end__ = __stack_und_end__
                0x00000001                . = ASSERT (((__stack_und_start__ == __stack_und_end__) || ((__stack_und_end__ >= __SRAM_segment_start__) && (__stack_und_end__ <= __SRAM_segment_end__))), error: .stack_und is too large to fit in SRAM memory segment)
                0x00200a68                __tbss_load_start__ = ALIGN (__stack_und_end__, 0x4)

.tbss           0x00200a68        0x0
                0x00200a68                __tbss_start__ = .
 *(.tbss .tbss.*)
                0x00200a68                __tbss_end__ = (__tbss_start__ + SIZEOF (.tbss))
                0x00000000                __tbss_size__ = SIZEOF (.tbss)
                0x00200a68                __tbss_load_end__ = __tbss_end__
                0x00000001                . = ASSERT (((__tbss_start__ == __tbss_end__) || ((__tbss_end__ >= __SRAM_segment_start__) && (__tbss_end__ <= __SRAM_segment_end__))), error: .tbss is too large to fit in SRAM memory segment)
                0x001009c4                __tdata_load_start__ = ALIGN ((__data_load_start__ + SIZEOF (.data)), 0x4)

.tdata          0x00200a68        0x0 load address 0x001009c4
                0x00200a68                __tdata_start__ = .
 *(.tdata .tdata.*)
                0x00200a68                __tdata_end__ = (__tdata_start__ + SIZEOF (.tdata))
                0x00000000                __tdata_size__ = SIZEOF (.tdata)
                0x001009c4                __tdata_load_end__ = (__tdata_load_start__ + SIZEOF (.tdata))
                0x001009c4                __FLASH_segment_used_end__ = (ALIGN ((__data_load_start__ + SIZEOF (.data)), 0x4) + SIZEOF (.tdata))
                0x000009c4                __FLASH_segment_used_size__ = (__FLASH_segment_used_end__ - __FLASH_segment_start__)
                0x00000001                . = ASSERT (((__tdata_load_start__ == __tdata_load_end__) || ((__tdata_load_end__ >= __FLASH_segment_start__) && (__tdata_load_end__ <= __FLASH_segment_end__))), error: .tdata is too large to fit in FLASH memory segment)

.tdata_run      0x00200a68        0x0
                0x00200a68                __tdata_run_start__ = .
                0x00200a68                . = MAX ((__tdata_run_start__ + SIZEOF (.tdata)), .)
                0x00200a68                __tdata_run_end__ = (__tdata_run_start__ + SIZEOF (.tdata_run))
                0x00000000                __tdata_run_size__ = SIZEOF (.tdata_run)
                0x00200a68                __tdata_run_load_end__ = __tdata_run_end__
                0x00000001                . = ASSERT (((__tdata_run_start__ == __tdata_run_end__) || ((__tdata_run_end__ >= __SRAM_segment_start__) && (__tdata_run_end__ <= __SRAM_segment_end__))), error: .tdata_run is too large to fit in SRAM memory segment)
                0x00204000                __mmu_load_start__ = ALIGN (__tdata_run_end__, 0x4000)

.mmu            0x00204000        0x0
                0x00204000                __mmu_start__ = .
 *(.mmu .mmu.*)
                0x00204000                __mmu_end__ = (__mmu_start__ + SIZEOF (.mmu))
                0x00000000                __mmu_size__ = SIZEOF (.mmu)
                0x00204000                __mmu_load_end__ = __mmu_end__
                0x00204000                __SRAM_segment_used_end__ = (ALIGN (__tdata_run_end__, 0x4000) + SIZEOF (.mmu))
                0x00004000                __SRAM_segment_used_size__ = (__SRAM_segment_used_end__ - __SRAM_segment_start__)
                0x00000001                . = ASSERT (((__mmu_start__ == __mmu_end__) || ((__mmu_end__ >= __SRAM_segment_start__) && (__mmu_end__ <= __SRAM_segment_end__))), error: .mmu is too large to fit in SRAM memory segment)
START GROUP
LOAD Executable_1 ARM Flash Release/crt0.o
LOAD Executable_1 ARM Flash Release/AT91SAM7_Startup.o
LOAD Executable_1 ARM Flash Release/AIC.o
LOAD Executable_1 ARM Flash Release/AIC_irq_handler.o
LOAD Executable_1 ARM Flash Release/ctl_at91sam7.o
LOAD Executable_1 ARM Flash Release/main.o
LOAD C:/Program Files (x86)/Rowley Associates Limited/CrossWorks for ARM 3.5/lib/libarm_v4t_a_le_eabi.a
LOAD C:/Program Files (x86)/Rowley Associates Limited/CrossWorks for ARM 3.5/lib/libdebugio_dcc_v4t_a_le_eabi.a
LOAD C:/Program Files (x86)/Rowley Associates Limited/CrossWorks for ARM 3.5/lib/libm_v4t_a_le_eabi.a
LOAD C:/Program Files (x86)/Rowley Associates Limited/CrossWorks for ARM 3.5/lib/libc_v4t_a_le_eabi.a
LOAD C:/Program Files (x86)/Rowley Associates Limited/CrossWorks for ARM 3.5/lib/libcpp_v4t_a_le_eabi.a
LOAD C:/Program Files (x86)/Rowley Associates Limited/CrossWorks for ARM 3.5/lib/libdebugio_v4t_a_le_eabi.a
LOAD C:/Program Files (x86)/Rowley Associates Limited/CrossWorks for ARM 3.5/lib/libvfprintf_v4t_a_le_eabi.o
LOAD C:/Program Files (x86)/Rowley Associates Limited/CrossWorks for ARM 3.5/lib/libvfscanf_v4t_a_le_eabi.o
END GROUP
OUTPUT(Executable_1 ARM Flash Release/Executable_1.elf elf32-littlearm)

.ARM.attributes
                0x00000000       0x2c
 .ARM.attributes
                0x00000000       0x20 Executable_1 ARM Flash Release/crt0.o
 .ARM.attributes
                0x00000020       0x20 Executable_1 ARM Flash Release/AT91SAM7_Startup.o
 .ARM.attributes
                0x00000040       0x20 Executable_1 ARM Flash Release/AIC_irq_handler.o
 .ARM.attributes
                0x00000060       0x30 Executable_1 ARM Flash Release/main.o
 .ARM.attributes
                0x00000090       0x1a C:/Program Files (x86)/Rowley Associates Limited/CrossWorks for ARM 3.5/lib/libarm_v4t_a_le_eabi.a(libarm.o)

.comment        0x00000000       0x4e
 .comment       0x00000000       0x4e Executable_1 ARM Flash Release/main.o
                                 0x4f (size before relaxing)

.debug_frame    0x00000000      0x280
 .debug_frame   0x00000000      0x140 Executable_1 ARM Flash Release/main.o
 .debug_frame   0x00000140      0x140 C:/Program Files (x86)/Rowley Associates Limited/CrossWorks for ARM 3.5/lib/libarm_v4t_a_le_eabi.a(libarm.o)

.debug_info     0x00000000      0x5e0
 .debug_info    0x00000000      0x5e0 Executable_1 ARM Flash Release/main.o

.debug_abbrev   0x00000000      0x126
 .debug_abbrev  0x00000000      0x126 Executable_1 ARM Flash Release/main.o

.debug_aranges  0x00000000       0x78
 .debug_aranges
                0x00000000       0x78 Executable_1 ARM Flash Release/main.o

.debug_ranges   0x00000000       0x80
 .debug_ranges  0x00000000       0x80 Executable_1 ARM Flash Release/main.o

.debug_line     0x00000000       0x69
 .debug_line    0x00000000       0x69 Executable_1 ARM Flash Release/main.o

.debug_str      0x00000000      0x2d7
 .debug_str     0x00000000      0x2d7 Executable_1 ARM Flash Release/main.o
