Archive member included because of file (symbol)

C:/Program Files (x86)/Rowley Associates Limited/CrossWorks for ARM 3.6/lib/libdebugio_v7m_t_le_eabi.a(libdebugio.o)
                              cortexm3 THUMB Debug/main.o (debug_exit)
C:/Program Files (x86)/Rowley Associates Limited/CrossWorks for ARM 3.6/lib/libdebugio_v7m_t_le_eabi.a(libdebugio_asm.o)
                              cortexm3 THUMB Debug/main.o (debug_printf)
C:/Program Files (x86)/Rowley Associates Limited/CrossWorks for ARM 3.6/lib/libdebugio_mempoll_v7m_t_le_eabi.a(mempoll_debug_operations.o)
                              C:/Program Files (x86)/Rowley Associates Limited/CrossWorks for ARM 3.6/lib/libdebugio_v7m_t_le_eabi.a(libdebugio.o) (__do_debug_operation)
C:/Program Files (x86)/Rowley Associates Limited/CrossWorks for ARM 3.6/lib/libdebugio_mempoll_v7m_t_le_eabi.a(do_nv_debug_operation.o)
                              C:/Program Files (x86)/Rowley Associates Limited/CrossWorks for ARM 3.6/lib/libdebugio_v7m_t_le_eabi.a(libdebugio.o) (__do_nvdebug_operation)
C:/Program Files (x86)/Rowley Associates Limited/CrossWorks for ARM 3.6/lib/libm_v7m_t_le_eabi.a(libm_asm.o)
                              C:/Program Files (x86)/Rowley Associates Limited/CrossWorks for ARM 3.6/lib/libvfscanf_v7m_t_le_eabi.o (__aeabi_i2d)
C:/Program Files (x86)/Rowley Associates Limited/CrossWorks for ARM 3.6/lib/libm_v7m_t_le_eabi.a(libm2.o)
                              C:/Program Files (x86)/Rowley Associates Limited/CrossWorks for ARM 3.6/lib/libvfprintf_v7m_t_le_eabi.o (frexp)
C:/Program Files (x86)/Rowley Associates Limited/CrossWorks for ARM 3.6/lib/libm_v7m_t_le_eabi.a(libm2_asm.o)
                              C:/Program Files (x86)/Rowley Associates Limited/CrossWorks for ARM 3.6/lib/libm_v7m_t_le_eabi.a(libm2.o) (fabs)
C:/Program Files (x86)/Rowley Associates Limited/CrossWorks for ARM 3.6/lib/libc_v7m_t_le_eabi.a(libc_asm.o)
                              C:/Program Files (x86)/Rowley Associates Limited/CrossWorks for ARM 3.6/lib/libvfprintf_v7m_t_le_eabi.o (__aeabi_uldivmod)
C:/Program Files (x86)/Rowley Associates Limited/CrossWorks for ARM 3.6/lib/libc_v7m_t_le_eabi.a(libc2.o)
                              C:/Program Files (x86)/Rowley Associates Limited/CrossWorks for ARM 3.6/lib/libvfscanf_v7m_t_le_eabi.o (__getc)
C:/Program Files (x86)/Rowley Associates Limited/CrossWorks for ARM 3.6/lib/libc_v7m_t_le_eabi.a(libc2_asm.o)
                              C:/Program Files (x86)/Rowley Associates Limited/CrossWorks for ARM 3.6/lib/libc_v7m_t_le_eabi.a(libc2.o) (memcpy)

Discarded input sections

 .group         0x00000000        0x8 cortexm3 THUMB Debug/main.o
 .group         0x00000000        0x8 cortexm3 THUMB Debug/main.o
 .group         0x00000000        0x8 cortexm3 THUMB Debug/main.o
 .text          0x00000000        0x0 cortexm3 THUMB Debug/main.o
 .data          0x00000000        0x0 cortexm3 THUMB Debug/main.o
 .bss           0x00000000        0x0 cortexm3 THUMB Debug/main.o
 .text          0x00000000        0x0 cortexm3 THUMB Debug/thumb_crt0.o
 .data          0x00000000        0x0 cortexm3 THUMB Debug/thumb_crt0.o
 .bss           0x00000000        0x0 cortexm3 THUMB Debug/thumb_crt0.o
 .text.__aeabi_read_tp
                0x00000000        0x8 cortexm3 THUMB Debug/thumb_crt0.o
 .text.__heap_lock
                0x00000000        0x2 cortexm3 THUMB Debug/thumb_crt0.o
 .text.__heap_unlock
                0x00000000        0x2 cortexm3 THUMB Debug/thumb_crt0.o
 .text.__printf_lock
                0x00000000        0x2 cortexm3 THUMB Debug/thumb_crt0.o
 .text.__printf_unlock
                0x00000000        0x2 cortexm3 THUMB Debug/thumb_crt0.o
 .text.__scanf_lock
                0x00000000        0x2 cortexm3 THUMB Debug/thumb_crt0.o
 .text.__scanf_unlock
                0x00000000        0x2 cortexm3 THUMB Debug/thumb_crt0.o
 .text.abort    0x00000000        0x2 cortexm3 THUMB Debug/thumb_crt0.o
 .text.__assert
                0x00000000        0x2 cortexm3 THUMB Debug/thumb_crt0.o
 .text.__cxa_pure_virtual
                0x00000000        0x2 cortexm3 THUMB Debug/thumb_crt0.o
 .text.__cxa_guard_acquire
                0x00000000       0x10 cortexm3 THUMB Debug/thumb_crt0.o
 .text.__cxa_guard_release
                0x00000000        0x6 cortexm3 THUMB Debug/thumb_crt0.o
 .text.__cxa_guard_abort
                0x00000000        0x2 cortexm3 THUMB Debug/thumb_crt0.o
 .text.__getchar
                0x00000000        0x8 cortexm3 THUMB Debug/thumb_crt0.o
 .text.__putchar
                0x00000000        0x8 cortexm3 THUMB Debug/thumb_crt0.o
 .bss.__user_locale_name_buffer
                0x00000000        0x4 cortexm3 THUMB Debug/thumb_crt0.o
 .stack         0x00000000        0x0 cortexm3 THUMB Debug/thumb_crt0.o
 .stack_process
                0x00000000        0x0 cortexm3 THUMB Debug/thumb_crt0.o
 .heap          0x00000000        0x0 cortexm3 THUMB Debug/thumb_crt0.o
[...]
Memory Configuration

Name             Origin             Length             Attributes
UNPLACED_SECTIONS 0xffffffff         0x00000000         xw
CM3_System_Control_Space 0xe000e000         0x00001000         xw
SRAM             0x20000000         0x0000c000         xw
FLASH            0x00000000         0x00040000         xw
*default*        0x00000000         0xffffffff

Linker script and memory map

                0x00000000                __vfprintf = __vfprintf_float_long_long
                0x00000000                __vfscanf = __vfscanf_float_long_long_cc
                0xe000e000                __CM3_System_Control_Space_segment_start__ = 0xe000e000
                0xe000f000                __CM3_System_Control_Space_segment_end__ = 0xe000f000
                0x00001000                __CM3_System_Control_Space_segment_size__ = 0x1000
                0x20000000                __SRAM_segment_start__ = 0x20000000
                0x2000c000                __SRAM_segment_end__ = 0x2000c000
                0x0000c000                __SRAM_segment_size__ = 0xc000
                0x00000000                __FLASH_segment_start__ = 0x0
                0x00040000                __FLASH_segment_end__ = 0x40000
                0x00040000                __FLASH_segment_size__ = 0x40000
                0x00000400                __HEAPSIZE__ = 0x400
                0x00000000                __STACKSIZE_ABT__ = 0x0
                0x00000000                __STACKSIZE_FIQ__ = 0x0
                0x00000000                __STACKSIZE_IRQ__ = 0x0
                0x00000000                __STACKSIZE_PROCESS__ = 0x0
                0x00000000                __STACKSIZE_SVC__ = 0x0
                0x00000000                __STACKSIZE_UND__ = 0x0
                0x00000400                __STACKSIZE__ = 0x400
                0x20000000                __vectors_load_start__ = ALIGN (__SRAM_segment_start__, 0x100)

.vectors        0x20000000       0x9c
                0x20000000                __vectors_start__ = .
 *(.vectors .vectors.*)
 .vectors       0x20000000       0x9c cortexm3 THUMB Debug/Cortex_M_Startup.o
                0x20000000                _vectors
                0x2000009c                __vectors_end__ = (__vectors_start__ + SIZEOF (.vectors))
                0x0000009c                __vectors_size__ = SIZEOF (.vectors)
                0x2000009c                __vectors_load_end__ = __vectors_end__
                0x00000001                . = ASSERT (((__vectors_start__ == __vectors_end__) || ((__vectors_end__ >= __SRAM_segment_start__) && (__vectors_end__ <= __SRAM_segment_end__))), error: .vectors is too large to fit in SRAM memory segment)
                0x2000009c                __fast_load_start__ = ALIGN (__vectors_end__, 0x4)

.fast           0x2000009c        0x0
                0x2000009c                __fast_start__ = .
 *(.fast .fast.*)
                0x2000009c                __fast_end__ = (__fast_start__ + SIZEOF (.fast))
                0x00000000                __fast_size__ = SIZEOF (.fast)
                0x2000009c                __fast_load_end__ = __fast_end__
                0x00000001                . = ASSERT (((__fast_start__ == __fast_end__) || ((__fast_end__ >= __SRAM_segment_start__) && (__fast_end__ <= __SRAM_segment_end__))), error: .fast is too large to fit in SRAM memory segment)
                0x2000009c                __init_load_start__ = ALIGN (__fast_end__, 0x4)

.init           0x2000009c      0x1e8
                0x2000009c                __init_start__ = .
 *(.init .init.*)
 .init          0x2000009c      0x158 cortexm3 THUMB Debug/thumb_crt0.o
                0x2000009c                _start
                0x2000014e                exit
 .init          0x200001f4       0x90 cortexm3 THUMB Debug/Cortex_M_Startup.o
                0x200001f4                NMI_Handler
                0x200001f6                HardFault_Handler
                0x20000214                SVC_Handler
                0x2000021e                PendSV_Handler
                0x20000220                SysTick_Handler
                0x20000222                ExternalISR0
                0x20000224                ExternalISR1
                0x20000226                ExternalISR2
                0x20000228                ExternalISR3
                0x2000022a                ExternalISR4
                0x2000022c                ExternalISR5
                0x2000022e                ExternalISR6
                0x20000230                ExternalISR7
                0x20000232                ExternalISR8
                0x20000234                ExternalISR9
                0x20000236                ExternalISR10
                0x20000238                ExternalISR11
                0x2000023a                ExternalISR12
                0x2000023c                ExternalISR13
                0x2000023e                ExternalISR14
                0x20000240                ExternalISR15
                0x20000242                ExternalISR16
                0x20000244                ExternalISR17
                0x20000246                ExternalISR18
                0x20000248                ExternalISR19
                0x2000024a                ExternalISR20
                0x2000024c                ExternalISR21
                0x2000024e                ExternalISR22
                0x20000250                ExternalISR23
                0x20000252                ExternalISR24
                0x20000254                ExternalISR25
                0x20000256                ExternalISR26
                0x20000258                ExternalISR27
                0x2000025a                ExternalISR28
                0x2000025c                ExternalISR29
                0x2000025e                ExternalISR30
                0x20000260                ExternalISR31
                0x20000262                reset_handler
                0x20000274                SystemInit
                0x20000284                __init_end__ = (__init_start__ + SIZEOF (.init))
                0x000001e8                __init_size__ = SIZEOF (.init)
                0x20000284                __init_load_end__ = __init_end__
                0x00000001                . = ASSERT (((__init_start__ == __init_end__) || ((__init_end__ >= __SRAM_segment_start__) && (__init_end__ <= __SRAM_segment_end__))), error: .init is too large to fit in SRAM memory segment)
                0x20000284                __init_rodata_load_start__ = ALIGN (__init_end__, 0x4)

.init_rodata    0x20000284        0x0
                0x20000284                __init_rodata_start__ = .
 *(.init_rodata .init_rodata.*)
                0x20000284                __init_rodata_end__ = (__init_rodata_start__ + SIZEOF (.init_rodata))
                0x00000000                __init_rodata_size__ = SIZEOF (.init_rodata)
                0x20000284                __init_rodata_load_end__ = __init_rodata_end__
                0x00000001                . = ASSERT (((__init_rodata_start__ == __init_rodata_end__) || ((__init_rodata_end__ >= __SRAM_segment_start__) && (__init_rodata_end__ <= __SRAM_segment_end__))), error: .init_rodata is too large to fit in SRAM memory segment)
                0x20000284                __text_load_start__ = ALIGN (__init_rodata_end__, 0x4)

.text           0x20000284       0x6c
                0x20000284                __text_start__ = .
 *(.text .text.* .glue_7t .glue_7 .gnu.linkonce.t.* .gcc_except_table .ARM.extab* .gnu.linkonce.armextab.*)
 .glue_7        0x00000000        0x0 linker stubs
 .glue_7t       0x00000000        0x0 linker stubs
 .text.main     0x20000284       0x18 cortexm3 THUMB Debug/main.o
                0x20000284                main
 .text.__debug_io_lock
                0x2000029c        0x2 cortexm3 THUMB Debug/thumb_crt0.o
                0x2000029c                __debug_io_lock
 .text.__debug_io_unlock
                0x2000029e        0x2 cortexm3 THUMB Debug/thumb_crt0.o
                0x2000029e                __debug_io_unlock
 .text.libdebugio.debug_exit
                0x200002a0        0xc C:/Program Files (x86)/Rowley Associates Limited/CrossWorks for ARM 3.6/lib/libdebugio_v7m_t_le_eabi.a(libdebugio.o)
                0x200002a0                debug_exit
 .text.libc.debug_printf
                0x200002ac       0x14 C:/Program Files (x86)/Rowley Associates Limited/CrossWorks for ARM 3.6/lib/libdebugio_v7m_t_le_eabi.a(libdebugio_asm.o)
                0x200002ac                debug_printf
 .text.libdebugio.__do_debug_operation
                0x200002c0       0x30 C:/Program Files (x86)/Rowley Associates Limited/CrossWorks for ARM 3.6/lib/libdebugio_mempoll_v7m_t_le_eabi.a(mempoll_debug_operations.o)
                0x200002c0                __do_debug_operation
                0x200002f0                __text_end__ = (__text_start__ + SIZEOF (.text))
                0x0000006c                __text_size__ = SIZEOF (.text)
                0x200002f0                __text_load_end__ = __text_end__

.vfp11_veneer   0x00000000        0x0
 .vfp11_veneer  0x00000000        0x0 linker stubs

.v4_bx          0x00000000        0x0
 .v4_bx         0x00000000        0x0 linker stubs

.iplt           0x00000000        0x0
 .iplt          0x00000000        0x0 cortexm3 THUMB Debug/main.o
                0x00000001                . = ASSERT (((__text_start__ == __text_end__) || ((__text_end__ >= __SRAM_segment_start__) && (__text_end__ <= __SRAM_segment_end__))), error: .text is too large to fit in SRAM memory segment)
                0x200002f0                __dtors_load_start__ = ALIGN (__text_end__, 0x4)

.dtors          0x200002f0        0x0
                0x200002f0                __dtors_start__ = .
 *(SORT(.dtors.*))
 *(.dtors)
 *(.fini_array)
 *(SORT(.fini_array.*))
                0x200002f0                __dtors_end__ = (__dtors_start__ + SIZEOF (.dtors))
                0x00000000                __dtors_size__ = SIZEOF (.dtors)
                0x200002f0                __dtors_load_end__ = __dtors_end__
                0x00000001                . = ASSERT (((__dtors_start__ == __dtors_end__) || ((__dtors_end__ >= __SRAM_segment_start__) && (__dtors_end__ <= __SRAM_segment_end__))), error: .dtors is too large to fit in SRAM memory segment)
                0x200002f0                __ctors_load_start__ = ALIGN (__dtors_end__, 0x4)

.ctors          0x200002f0        0x0
                0x200002f0                __ctors_start__ = .
 *(SORT(.ctors.*))
 *(.ctors)
 *(.init_array)
 *(SORT(.init_array.*))
                0x200002f0                __ctors_end__ = (__ctors_start__ + SIZEOF (.ctors))
                0x00000000                __ctors_size__ = SIZEOF (.ctors)
                0x200002f0                __ctors_load_end__ = __ctors_end__
                0x00000001                . = ASSERT (((__ctors_start__ == __ctors_end__) || ((__ctors_end__ >= __SRAM_segment_start__) && (__ctors_end__ <= __SRAM_segment_end__))), error: .ctors is too large to fit in SRAM memory segment)
                0x200002f0                __data_load_start__ = ALIGN (__ctors_end__, 0x4)

.data           0x200002f0        0x0
                0x200002f0                __data_start__ = .
 *(.data .data.* .gnu.linkonce.d.*)
                0x200002f0                __data_end__ = (__data_start__ + SIZEOF (.data))
                0x00000000                __data_size__ = SIZEOF (.data)
                0x200002f0                __data_load_end__ = __data_end__

.igot.plt       0x00000000        0x0
 .igot.plt      0x00000000        0x0 cortexm3 THUMB Debug/main.o
                0x00000001                . = ASSERT (((__data_start__ == __data_end__) || ((__data_end__ >= __SRAM_segment_start__) && (__data_end__ <= __SRAM_segment_end__))), error: .data is too large to fit in SRAM memory segment)
                0x200002f0                __tdata_load_start__ = ALIGN (__data_end__, 0x4)

.tdata          0x200002f0        0x0
                0x200002f0                __tdata_start__ = .
 *(.tdata .tdata.*)
                0x200002f0                __tdata_end__ = (__tdata_start__ + SIZEOF (.tdata))
                0x00000000                __tdata_size__ = SIZEOF (.tdata)
                0x200002f0                __tdata_load_end__ = __tdata_end__
                0x00000001                . = ASSERT (((__tdata_start__ == __tdata_end__) || ((__tdata_end__ >= __SRAM_segment_start__) && (__tdata_end__ <= __SRAM_segment_end__))), error: .tdata is too large to fit in SRAM memory segment)
                0x200002f0                __rodata_load_start__ = ALIGN (__tdata_end__, 0x4)

.rodata         0x200002f0        0xd
                0x200002f0                __rodata_start__ = .
 *(.rodata .rodata.* .gnu.linkonce.r.*)
 .rodata        0x200002f0        0xd cortexm3 THUMB Debug/main.o
                0x200002fd                __rodata_end__ = (__rodata_start__ + SIZEOF (.rodata))
                0x0000000d                __rodata_size__ = SIZEOF (.rodata)
                0x200002fd                __rodata_load_end__ = __rodata_end__

.rel.dyn        0x20000300        0x0
 .rel.iplt      0x00000000        0x0 cortexm3 THUMB Debug/main.o
                0x00000001                . = ASSERT (((__rodata_start__ == __rodata_end__) || ((__rodata_end__ >= __SRAM_segment_start__) && (__rodata_end__ <= __SRAM_segment_end__))), error: .rodata is too large to fit in SRAM memory segment)
                0x20000300                __ARM.exidx_load_start__ = ALIGN (__rodata_end__, 0x4)

.ARM.exidx      0x20000300        0x0
                0x20000300                __ARM.exidx_start__ = .
                0x20000300                __exidx_start = __ARM.exidx_start__
 *(.ARM.exidx .ARM.exidx.*)
                0x20000300                __ARM.exidx_end__ = (__ARM.exidx_start__ + SIZEOF (.ARM.exidx))
                0x00000000                __ARM.exidx_size__ = SIZEOF (.ARM.exidx)
                0x20000300                __exidx_end = __ARM.exidx_end__
                0x20000300                __ARM.exidx_load_end__ = __ARM.exidx_end__
                0x00000001                . = ASSERT (((__ARM.exidx_start__ == __ARM.exidx_end__) || ((__ARM.exidx_end__ >= __SRAM_segment_start__) && (__ARM.exidx_end__ <= __SRAM_segment_end__))), error: .ARM.exidx is too large to fit in SRAM memory segment)
                0x20000300                __bss_load_start__ = ALIGN (__ARM.exidx_end__, 0x4)

.bss            0x20000300        0x8
                0x20000300                __bss_start__ = .
 *(.bss .bss.* .gnu.linkonce.b.*)
 .bss.libdebugio.dbgCommWord
                0x20000300        0x4 C:/Program Files (x86)/Rowley Associates Limited/CrossWorks for ARM 3.6/lib/libdebugio_mempoll_v7m_t_le_eabi.a(mempoll_debug_operations.o)
                0x20000300                dbgCommWord
 .bss.libdebugio.dbgCntrlWord_mempoll
                0x20000304        0x4 C:/Program Files (x86)/Rowley Associates Limited/CrossWorks for ARM 3.6/lib/libdebugio_mempoll_v7m_t_le_eabi.a(mempoll_debug_operations.o)
                0x20000304                dbgCntrlWord_mempoll
 *(COMMON)
                0x20000308                __bss_end__ = (__bss_start__ + SIZEOF (.bss))
                0x00000008                __bss_size__ = SIZEOF (.bss)
                0x20000308                __bss_load_end__ = __bss_end__
                0x00000001                . = ASSERT (((__bss_start__ == __bss_end__) || ((__bss_end__ >= __SRAM_segment_start__) && (__bss_end__ <= __SRAM_segment_end__))), error: .bss is too large to fit in SRAM memory segment)
                0x20000308                __tbss_load_start__ = ALIGN (__bss_end__, 0x4)

.tbss           0x20000308        0x0
                0x20000308                __tbss_start__ = .
 *(.tbss .tbss.*)
                0x20000308                __tbss_end__ = (__tbss_start__ + SIZEOF (.tbss))
                0x00000000                __tbss_size__ = SIZEOF (.tbss)
                0x20000308                __tbss_load_end__ = __tbss_end__
                0x00000001                . = ASSERT (((__tbss_start__ == __tbss_end__) || ((__tbss_end__ >= __SRAM_segment_start__) && (__tbss_end__ <= __SRAM_segment_end__))), error: .tbss is too large to fit in SRAM memory segment)
                0x20000308                __non_init_load_start__ = ALIGN (__tbss_end__, 0x4)

.non_init       0x20000308        0x0
                0x20000308                __non_init_start__ = .
 *(.non_init .non_init.*)
                0x20000308                __non_init_end__ = (__non_init_start__ + SIZEOF (.non_init))
                0x00000000                __non_init_size__ = SIZEOF (.non_init)
                0x20000308                __non_init_load_end__ = __non_init_end__
                0x00000001                . = ASSERT (((__non_init_start__ == __non_init_end__) || ((__non_init_end__ >= __SRAM_segment_start__) && (__non_init_end__ <= __SRAM_segment_end__))), error: .non_init is too large to fit in SRAM memory segment)
                0x20000308                __heap_load_start__ = ALIGN (__non_init_end__, 0x4)

.heap           0x20000308      0x400
                0x20000308                __heap_start__ = .
 *(.heap .heap.*)
                0x20000708                . = ALIGN (MAX ((__heap_start__ + __HEAPSIZE__), .), 0x4)
 *fill*         0x20000308      0x400 
                0x20000708                __heap_end__ = (__heap_start__ + SIZEOF (.heap))
                0x00000400                __heap_size__ = SIZEOF (.heap)
                0x20000708                __heap_load_end__ = __heap_end__
                0x00000001                . = ASSERT (((__heap_start__ == __heap_end__) || ((__heap_end__ >= __SRAM_segment_start__) && (__heap_end__ <= __SRAM_segment_end__))), error: .heap is too large to fit in SRAM memory segment)
                0x20000708                __stack_load_start__ = ALIGN (__heap_end__, 0x8)

.stack          0x20000708      0x400
                0x20000708                __stack_start__ = .
 *(.stack .stack.*)
                0x20000b08                . = ALIGN (MAX ((__stack_start__ + __STACKSIZE__), .), 0x8)
 *fill*         0x20000708      0x400 
                0x20000b08                __stack_end__ = (__stack_start__ + SIZEOF (.stack))
                0x00000400                __stack_size__ = SIZEOF (.stack)
                0x20000b08                __stack_load_end__ = __stack_end__
                0x00000001                . = ASSERT (((__stack_start__ == __stack_end__) || ((__stack_end__ >= __SRAM_segment_start__) && (__stack_end__ <= __SRAM_segment_end__))), error: .stack is too large to fit in SRAM memory segment)
                0x20000b08                __stack_process_load_start__ = ALIGN (__stack_end__, 0x8)

.stack_process  0x20000b08        0x0
                0x20000b08                __stack_process_start__ = .
 *(.stack_process .stack_process.*)
                0x20000b08                . = ALIGN (MAX ((__stack_process_start__ + __STACKSIZE_PROCESS__), .), 0x8)
                0x20000b08                __stack_process_end__ = (__stack_process_start__ + SIZEOF (.stack_process))
                0x00000000                __stack_process_size__ = SIZEOF (.stack_process)
                0x20000b08                __stack_process_load_end__ = __stack_process_end__
                0x20000b08                __SRAM_segment_used_end__ = (ALIGN (__stack_end__, 0x8) + SIZEOF (.stack_process))
                0x00000b08                __SRAM_segment_used_size__ = (__SRAM_segment_used_end__ - __SRAM_segment_start__)
                0x00000001                . = ASSERT (((__stack_process_start__ == __stack_process_end__) || ((__stack_process_end__ >= __SRAM_segment_start__) && (__stack_process_end__ <= __SRAM_segment_end__))), error: .stack_process is too large to fit in SRAM memory segment)
START GROUP
LOAD cortexm3 THUMB Debug/main.o
LOAD cortexm3 THUMB Debug/thumb_crt0.o
LOAD cortexm3 THUMB Debug/Cortex_M_Startup.o
LOAD C:/Program Files (x86)/Rowley Associates Limited/CrossWorks for ARM 3.6/lib/libcm_v7m_t_le_eabi.a
LOAD C:/Program Files (x86)/Rowley Associates Limited/CrossWorks for ARM 3.6/lib/libdebugio_mempoll_v7m_t_le_eabi.a
LOAD C:/Program Files (x86)/Rowley Associates Limited/CrossWorks for ARM 3.6/lib/libm_v7m_t_le_eabi.a
LOAD C:/Program Files (x86)/Rowley Associates Limited/CrossWorks for ARM 3.6/lib/libc_v7m_t_le_eabi.a
LOAD C:/Program Files (x86)/Rowley Associates Limited/CrossWorks for ARM 3.6/lib/libcpp_v7m_t_le_eabi.a
LOAD C:/Program Files (x86)/Rowley Associates Limited/CrossWorks for ARM 3.6/lib/libdebugio_v7m_t_le_eabi.a
LOAD C:/Program Files (x86)/Rowley Associates Limited/CrossWorks for ARM 3.6/lib/libvfprintf_v7m_t_le_eabi.o
LOAD C:/Program Files (x86)/Rowley Associates Limited/CrossWorks for ARM 3.6/lib/libvfscanf_v7m_t_le_eabi.o
END GROUP
OUTPUT(cortexm3 THUMB Debug/cortexm3.elf elf32-littlearm)

.debug_frame    0x00000000      0x870
 .debug_frame   0x00000000       0x34 cortexm3 THUMB Debug/main.o
 .debug_frame   0x00000034      0x784 C:/Program Files (x86)/Rowley Associates Limited/CrossWorks for ARM 3.6/lib/libdebugio_v7m_t_le_eabi.a(libdebugio.o)
 .debug_frame   0x000007b8       0x88 C:/Program Files (x86)/Rowley Associates Limited/CrossWorks for ARM 3.6/lib/libdebugio_v7m_t_le_eabi.a(libdebugio_asm.o)
 .debug_frame   0x00000840       0x30 C:/Program Files (x86)/Rowley Associates Limited/CrossWorks for ARM 3.6/lib/libdebugio_mempoll_v7m_t_le_eabi.a(mempoll_debug_operations.o)

.debug_info     0x00000000      0x610
 .debug_info    0x00000000       0x65 cortexm3 THUMB Debug/main.o
 .debug_info    0x00000065       0x9b cortexm3 THUMB Debug/thumb_crt0.o
 .debug_info    0x00000100       0xa5 cortexm3 THUMB Debug/Cortex_M_Startup.o
 .debug_info    0x000001a5      0x43c C:/Program Files (x86)/Rowley Associates Limited/CrossWorks for ARM 3.6/lib/libdebugio_v7m_t_le_eabi.a(libdebugio.o)
 .debug_info    0x000005e1       0x2f C:/Program Files (x86)/Rowley Associates Limited/CrossWorks for ARM 3.6/lib/libdebugio_mempoll_v7m_t_le_eabi.a(mempoll_debug_operations.o)

.debug_abbrev   0x00000000       0xcd
 .debug_abbrev  0x00000000       0x45 cortexm3 THUMB Debug/main.o
 .debug_abbrev  0x00000045       0x12 cortexm3 THUMB Debug/thumb_crt0.o
 .debug_abbrev  0x00000057       0x14 cortexm3 THUMB Debug/Cortex_M_Startup.o
 .debug_abbrev  0x0000006b       0x3c C:/Program Files (x86)/Rowley Associates Limited/CrossWorks for ARM 3.6/lib/libdebugio_v7m_t_le_eabi.a(libdebugio.o)
 .debug_abbrev  0x000000a7       0x26 C:/Program Files (x86)/Rowley Associates Limited/CrossWorks for ARM 3.6/lib/libdebugio_mempoll_v7m_t_le_eabi.a(mempoll_debug_operations.o)

.debug_aranges  0x00000000      0x310
 .debug_aranges
                0x00000000       0x20 cortexm3 THUMB Debug/main.o
 .debug_aranges
                0x00000020       0xa8 cortexm3 THUMB Debug/thumb_crt0.o
 .debug_aranges
                0x000000c8       0x20 cortexm3 THUMB Debug/Cortex_M_Startup.o
 .debug_aranges
                0x000000e8      0x208 C:/Program Files (x86)/Rowley Associates Limited/CrossWorks for ARM 3.6/lib/libdebugio_v7m_t_le_eabi.a(libdebugio.o)
 .debug_aranges
                0x000002f0       0x20 C:/Program Files (x86)/Rowley Associates Limited/CrossWorks for ARM 3.6/lib/libdebugio_mempoll_v7m_t_le_eabi.a(mempoll_debug_operations.o)

.debug_ranges   0x00000000      0x2b8
 .debug_ranges  0x00000000       0x10 cortexm3 THUMB Debug/main.o
 .debug_ranges  0x00000010       0xa0 cortexm3 THUMB Debug/thumb_crt0.o
 .debug_ranges  0x000000b0      0x1f8 C:/Program Files (x86)/Rowley Associates Limited/CrossWorks for ARM 3.6/lib/libdebugio_v7m_t_le_eabi.a(libdebugio.o)
 .debug_ranges  0x000002a8       0x10 C:/Program Files (x86)/Rowley Associates Limited/CrossWorks for ARM 3.6/lib/libdebugio_mempoll_v7m_t_le_eabi.a(mempoll_debug_operations.o)

.debug_macro    0x00000000      0x970
 .debug_macro   0x00000000       0x2d cortexm3 THUMB Debug/main.o
 .debug_macro   0x0000002d      0x88c cortexm3 THUMB Debug/main.o
 .debug_macro   0x000008b9       0x89 cortexm3 THUMB Debug/main.o
 .debug_macro   0x00000942       0x2e cortexm3 THUMB Debug/main.o

.debug_line     0x00000000      0x8fe
 .debug_line    0x00000000       0xf2 cortexm3 THUMB Debug/main.o
 .debug_line    0x000000f2      0x226 cortexm3 THUMB Debug/thumb_crt0.o
 .debug_line    0x00000318       0xae cortexm3 THUMB Debug/Cortex_M_Startup.o
 .debug_line    0x000003c6      0x4b8 C:/Program Files (x86)/Rowley Associates Limited/CrossWorks for ARM 3.6/lib/libdebugio_v7m_t_le_eabi.a(libdebugio.o)
 .debug_line    0x0000087e       0x80 C:/Program Files (x86)/Rowley Associates Limited/CrossWorks for ARM 3.6/lib/libdebugio_mempoll_v7m_t_le_eabi.a(mempoll_debug_operations.o)

.debug_str      0x00000000     0x2cc0
 .debug_str     0x00000000     0x2767 cortexm3 THUMB Debug/main.o
                               0x2795 (size before relaxing)
 .debug_str     0x00002767      0x4e4 C:/Program Files (x86)/Rowley Associates Limited/CrossWorks for ARM 3.6/lib/libdebugio_v7m_t_le_eabi.a(libdebugio.o)
 .debug_str     0x00002c4b       0x75 C:/Program Files (x86)/Rowley Associates Limited/CrossWorks for ARM 3.6/lib/libdebugio_mempoll_v7m_t_le_eabi.a(mempoll_debug_operations.o)
                                0x1e7 (size before relaxing)

.comment        0x00000000       0x4e
 .comment       0x00000000       0x4e cortexm3 THUMB Debug/main.o
                                 0x4f (size before relaxing)
 .comment       0x00000000       0x4f C:/Program Files (x86)/Rowley Associates Limited/CrossWorks for ARM 3.6/lib/libdebugio_v7m_t_le_eabi.a(libdebugio.o)
 .comment       0x00000000       0x4f C:/Program Files (x86)/Rowley Associates Limited/CrossWorks for ARM 3.6/lib/libdebugio_mempoll_v7m_t_le_eabi.a(mempoll_debug_operations.o)

.ARM.attributes
                0x00000000       0x31
 .ARM.attributes
                0x00000000       0x33 cortexm3 THUMB Debug/main.o
 .ARM.attributes
                0x00000033       0x21 cortexm3 THUMB Debug/thumb_crt0.o
 .ARM.attributes
                0x00000054       0x21 cortexm3 THUMB Debug/Cortex_M_Startup.o
 .ARM.attributes
                0x00000075       0x2d C:/Program Files (x86)/Rowley Associates Limited/CrossWorks for ARM 3.6/lib/libdebugio_v7m_t_le_eabi.a(libdebugio.o)
 .ARM.attributes
                0x000000a2       0x1b C:/Program Files (x86)/Rowley Associates Limited/CrossWorks for ARM 3.6/lib/libdebugio_v7m_t_le_eabi.a(libdebugio_asm.o)
 .ARM.attributes
                0x000000bd       0x2d C:/Program Files (x86)/Rowley Associates Limited/CrossWorks for ARM 3.6/lib/libdebugio_mempoll_v7m_t_le_eabi.a(mempoll_debug_operations.o)
